04-04 00:26:48.787  5780  5780 I ViewRootImpl@4fa02fa[TermuxActivity]: setView = com.android.internal.policy.DecorView@6805125 TM=true
04-04 00:26:48.788  5780  5780 I WindowManager: WindowManagerGlobal#removeView, ty=2, view=DecorView@6e98d59[TermuxActivity], caller=android.view.WindowManagerGlobal.removeView:628 android.view.WindowManagerImpl.removeViewImmediate:208 android.app.Dialog.dismissDialog:801 
04-04 00:26:48.788  5780  5780 W WindowOnBackDispatcher: sendCancelIfRunning: isInProgress=falsecallback=android.view.ViewRootImpl$$ExternalSyntheticLambda19@b0b4d2a
04-04 00:26:48.791  5780  5780 I ViewRootImpl@6587d1e[TermuxActivity]: dispatchDetachedFromWindow
04-04 00:26:48.796  5780  5780 D InputTransport: Input channel destroyed: 'd619644', fd=119
04-04 00:26:48.796  5780  6217 D OpenGLRenderer: HWUI - treat SMPTE_170M as sRGB
04-04 00:26:48.804  5780  6224 I ViewRootImpl@4fa02fa[TermuxActivity]: Resizing android.view.ViewRootImpl@5554c6: frame = [27,878][1053,1463] reportDraw = true forceLayout = false syncSeqId = -1
04-04 00:26:48.806  5780  5780 I BufferQueueProducer: [](id:169400000002,api:0,p:140,c:5780) setDequeueTimeout:2077252342
04-04 00:26:48.807  5780  5780 I BLASTBufferQueue_Java: new BLASTBufferQueue, mName= ViewRootImpl@4fa02fa[TermuxActivity] mNativeObject= 0x7c9e06f330 sc.mNativeObject= 0x7c5e06ac10 caller= android.view.ViewRootImpl.updateBlastSurfaceIfNeeded:3028 android.view.ViewRootImpl.relayoutWindow:10131 android.view.ViewRootImpl.performTraversals:4110 android.view.ViewRootImpl.doTraversal:3288 android.view.ViewRootImpl$TraversalRunnable.run:11344 android.view.Choreographer$CallbackRecord.run:1689 android.view.Choreographer$CallbackRecord.run:1698 android.view.Choreographer.doCallbacks:1153 android.view.Choreographer.doFrame:1079 android.view.Choreographer$FrameDisplayEventReceiver.run:1646 
04-04 00:26:48.807  5780  5780 I BLASTBufferQueue_Java: update, w= 1218 h= 777 mName = ViewRootImpl@4fa02fa[TermuxActivity] mNativeObject= 0x7c9e06f330 sc.mNativeObject= 0x7c5e06ac10 format= -3 caller= android.graphics.BLASTBufferQueue.<init>:89 android.view.ViewRootImpl.updateBlastSurfaceIfNeeded:3028 android.view.ViewRootImpl.relayoutWindow:10131 android.view.ViewRootImpl.performTraversals:4110 android.view.ViewRootImpl.doTraversal:3288 android.view.ViewRootImpl$TraversalRunnable.run:11344 
04-04 00:26:48.807  5780  5780 I ViewRootImpl@4fa02fa[TermuxActivity]: Relayout returned: old=(0,86,1080,2256) new=(27,878,1053,1463) relayoutAsync=false req=(1026,585)0 dur=6 res=0x403 s={true 0x7c4e07e110} ch=true seqId=0
04-04 00:26:48.808  5780  5780 I ViewRootImpl@4fa02fa[TermuxActivity]: performConfigurationChange setNightDimText nightDimLevel=0
04-04 00:26:48.808  5780  5780 D ViewRootImpl@4fa02fa[TermuxActivity]: mThreadedRenderer.initialize() mSurface={isValid=true 0x7c4e07e110} hwInitialized=true
04-04 00:26:48.808  5780  5780 D ScrollView:  onsize change changed 
04-04 00:26:48.808  5780  5780 D ScrollView:  onsize change changed 
04-04 00:26:48.809  5780  5780 D ViewRootImpl@4fa02fa[TermuxActivity]: reportNextDraw android.view.ViewRootImpl.performTraversals:4718 android.view.ViewRootImpl.doTraversal:3288 android.view.ViewRootImpl$TraversalRunnable.run:11344 android.view.Choreographer$CallbackRecord.run:1689 android.view.Choreographer$CallbackRecord.run:1698 
04-04 00:26:48.809  5780  5780 I ViewRootImpl@4fa02fa[TermuxActivity]: Setup new sync=wmsSync-ViewRootImpl@4fa02fa[TermuxActivity]#6
04-04 00:26:48.809  5780  5780 I ViewRootImpl@4fa02fa[TermuxActivity]: Creating new active sync group ViewRootImpl@4fa02fa[TermuxActivity]#7
04-04 00:26:48.809  5780  5780 I ViewRootImpl@4fa02fa[TermuxActivity]: registerCallbacksForSync syncBuffer=false
04-04 00:26:48.811  5780  6235 I ViewRootImpl@4fa02fa[TermuxActivity]: Received frameDrawingCallback syncResult=0 frameNum=1.
04-04 00:26:48.811  5780  6235 I ViewRootImpl@4fa02fa[TermuxActivity]: mWNT: t=0x7bee071970 mBlastBufferQueue=0x7c9e06f330 fn= 1 mRenderHdrSdrRatio=1.0 caller= android.view.ViewRootImpl$8.onFrameDraw:13841 android.view.ThreadedRenderer$1.onFrameDraw:792 <bottom of call stack> 
04-04 00:26:48.811  5780  6235 I ViewRootImpl@4fa02fa[TermuxActivity]: Setting up sync and frameCommitCallback
04-04 00:26:48.813  5780  6217 I BLASTBufferQueue: [ViewRootImpl@4fa02fa[TermuxActivity]#2](f:0,a:0,s:0) onFrameAvailable the first frame is available
04-04 00:26:48.813  5780  6217 I ViewRootImpl@4fa02fa[TermuxActivity]: Received frameCommittedCallback lastAttemptedDrawFrameNum=1 didProduceBuffer=true
04-04 00:26:48.814  5780  6217 D OpenGLRenderer: CFMS:: SetUp Pid : 5780    Tid : 6217
04-04 00:26:48.814  5780  5780 I ViewRootImpl@4fa02fa[TermuxActivity]: reportDrawFinished seqId=0
04-04 00:26:48.814  5780  5780 I ViewRootImpl@4fa02fa[TermuxActivity]: handleResized, msg = 5 frames=ClientWindowFrames{frame=[27,878][1053,1463] display=[0,86][1080,2256] parentFrame=[0,0][0,0]} forceNextWindowRelayout=false displayId=0 dragResizing=false compatScale=1.0 frameChanged=false attachedFrameChanged=false configChanged=false displayChanged=false compatScaleChanged=false
04-04 00:26:48.814  5780  5780 I ViewRootImpl@4fa02fa[TermuxActivity]: handleResized mSyncSeqId = 0
04-04 00:26:48.814  5780  5780 D ViewRootImpl@4fa02fa[TermuxActivity]: reportNextDraw android.view.ViewRootImpl.handleResized:2530 android.view.ViewRootImpl.-$$Nest$mhandleResized:0 android.view.ViewRootImpl$ViewRootHandler.handleMessageImpl:7197 android.view.ViewRootImpl$ViewRootHandler.handleMessage:7166 android.os.Handler.dispatchMessage:106 
04-04 00:26:48.815  5780  5780 I ViewRootImpl@4fa02fa[TermuxActivity]: Setup new sync=wmsSync-ViewRootImpl@4fa02fa[TermuxActivity]#8
04-04 00:26:48.815  5780  5780 I ViewRootImpl@4fa02fa[TermuxActivity]: Creating new active sync group ViewRootImpl@4fa02fa[TermuxActivity]#9
04-04 00:26:48.816  5780  5780 I ViewRootImpl@4fa02fa[TermuxActivity]: registerCallbacksForSync syncBuffer=false
04-04 00:26:48.816  5780  6234 I ViewRootImpl@4fa02fa[TermuxActivity]: Received frameDrawingCallback syncResult=0 frameNum=2.
04-04 00:26:48.816  5780  6234 I ViewRootImpl@4fa02fa[TermuxActivity]: mWNT: t=0x7bee077c70 mBlastBufferQueue=0x7c9e06f330 fn= 2 mRenderHdrSdrRatio=1.0 caller= android.view.ViewRootImpl$8.onFrameDraw:13841 android.view.ThreadedRenderer$1.onFrameDraw:792 <bottom of call stack> 
04-04 00:26:48.816  5780  6234 I ViewRootImpl@4fa02fa[TermuxActivity]: Setting up sync and frameCommitCallback
04-04 00:26:48.816  5780  6217 I ViewRootImpl@4fa02fa[TermuxActivity]: Received frameCommittedCallback lastAttemptedDrawFrameNum=2 didProduceBuffer=false
04-04 00:26:48.816  5780  6217 I BLASTBufferQueue_Java: gatherPendingTransactions, mName= ViewRootImpl@4fa02fa[TermuxActivity] mNativeObject= 0x7c9e06f330 frameNumber= 2 caller= android.view.ViewRootImpl$8.lambda$onFrameDraw$1:13914 android.view.ViewRootImpl$8.$r8$lambda$6frSHsGsDhUEo8Wl9hChpniTVZ0:0 android.view.ViewRootImpl$8$$ExternalSyntheticLambda1.onFrameCommit:9 android.view.ThreadedRenderer$1.lambda$onFrameDraw$0:804 android.view.ThreadedRenderer$1$$ExternalSyntheticLambda0.onFrameCommit:2 <bottom of call stack> 
04-04 00:26:48.816  5780  5780 I ViewRootImpl@4fa02fa[TermuxActivity]: reportDrawFinished seqId=0
04-04 00:26:49.083  5780  5780 I BLASTBufferQueue_Java: update, w= 1080 h= 2400 mName = ViewRootImpl@2d6e682[TermuxActivity] mNativeObject= 0x7c9e06a1f0 sc.mNativeObject= 0x7c5e061610 format= -1 caller= android.view.ViewRootImpl.updateBlastSurfaceIfNeeded:3017 android.view.ViewRootImpl.relayoutWindow:10131 android.view.ViewRootImpl.performTraversals:4110 android.view.ViewRootImpl.doTraversal:3288 android.view.ViewRootImpl$TraversalRunnable.run:11344 android.view.Choreographer$CallbackRecord.run:1689 
04-04 00:26:49.083  5780  5780 I ViewRootImpl@2d6e682[TermuxActivity]: Relayout returned: old=(0,0,1080,2400) new=(0,0,1080,2400) relayoutAsync=true req=(1080,2400)0 dur=0 res=0x0 s={true 0x7c4e06f2a0} ch=false seqId=0
04-04 00:26:49.084  5780  5780 I ViewRootImpl@2d6e682[TermuxActivity]: registerCallbackForPendingTransactions
04-04 00:26:49.087  5780  6235 I ViewRootImpl@2d6e682[TermuxActivity]: mWNT: t=0x7bee0763b0 mBlastBufferQueue=0x7c9e06a1f0 fn= 6 mRenderHdrSdrRatio=1.0 caller= android.view.ViewRootImpl$6.onFrameDraw:5635 android.view.ViewRootImpl$2.onFrameDraw:2146 android.view.ThreadedRenderer$1.onFrameDraw:792 
04-04 00:26:49.094  5780  5780 I InsetsSourceConsumer: applyRequestedVisibilityToControl: visible=true, type=navigationBars, host=com.termux/com.termux.app.TermuxActivity
04-04 00:26:49.097  5780  5780 I InsetsSourceConsumer: applyRequestedVisibilityToControl: visible=true, type=statusBars, host=com.termux/com.termux.app.TermuxActivity
04-04 00:26:49.099  5780  5780 D CompatibilityChangeReporter: Compat change id reported: 163400105; UID 10781; state: DISABLED
04-04 00:26:49.102  5780  5780 I AssistStructure: Flattened final assist data: 4512 bytes, containing 2 windows, 33 views
04-04 00:26:49.108  5780  5780 I ViewRootImpl@4fa02fa[TermuxActivity]: handleWindowFocusChanged: 1 0 call from android.view.ViewRootImpl.-$$Nest$mhandleWindowFocusChanged:0
04-04 00:26:49.108  5780  5780 D ViewRootImpl@4fa02fa[TermuxActivity]: mThreadedRenderer.initializeIfNeeded()#2 mSurface={isValid=true 0x7c4e07e110}
04-04 00:26:49.109  5780  5780 I ImeFocusController: onPreWindowFocus: skipped, hasWindowFocus=true mHasImeFocus=false
04-04 00:26:49.109  5780  5780 I ImeFocusController: onPostWindowFocus: skipped, hasWindowFocus=true mHasImeFocus=false
04-04 00:26:49.382  5780  5780 I InputMethodManager_LC: showSoftInput(View,I)
04-04 00:26:49.383  5780  5780 I ImeTracker: com.termux:b24d5243: onRequestShow at ORIGIN_CLIENT_SHOW_SOFT_INPUT reason SHOW_SOFT_INPUT
04-04 00:26:49.383  5780  5780 I InputMethodManager_LC: ssi(): flags=0 view=com.termux reason = SHOW_SOFT_INPUT
04-04 00:26:49.383  5780  5780 I InputMethodManager_LC: ssi() view is not EditText
04-04 00:26:49.383  5780  5780 I ImeTracker: com.termux:b24d5243: onFailed at PHASE_CLIENT_VIEW_SERVED
04-04 00:26:49.383  5780  5780 W InputMethodManager: Ignoring showSoftInput() as view=com.termux.view.TerminalView{dff3e01 VFED.V.L. .F...... 0,0-1062,1941 #7f080191 app:id/terminal_view aid=1073741824} is not served.
04-04 00:26:49.383  5780  5780 W InputMethodManager_LC: ssi(): Ignoring showSoftInput() servedView=null mDisplayId=0 view=com.termux.view.TerminalView{dff3e01 VFED.V.L. .F...... 0,0-1062,1941 #7f080191 app:id/terminal_view aid=1073741824},focus=true,windowFocus=false,window=android.view.ViewRootImpl$W@2d6e682,displayId=0,temporaryDetach=false,hasImeFocus=true
04-04 00:26:52.088  5780  5780 I ViewRootImpl@4fa02fa[TermuxActivity]: ViewPostIme pointer 0
04-04 00:26:52.162  5780  5780 I ViewRootImpl@4fa02fa[TermuxActivity]: ViewPostIme pointer 1
04-04 00:26:52.176  5780  5780 I WindowManager: WindowManagerGlobal#removeView, ty=2, view=DecorView@6805125[TermuxActivity], caller=android.view.WindowManagerGlobal.removeView:628 android.view.WindowManagerImpl.removeViewImmediate:208 android.app.Dialog.dismissDialog:801 
04-04 00:26:52.176  5780  5780 W WindowOnBackDispatcher: sendCancelIfRunning: isInProgress=falsecallback=android.view.ViewRootImpl$$ExternalSyntheticLambda19@a09daa1
04-04 00:26:52.218  5780  6217 D OpenGLRenderer: endAllActiveAnimators on 0x7b7e0d6b50 (RippleDrawable) with handle 0x7bbe0bf270
04-04 00:26:52.218  5780  5780 I ViewRootImpl@4fa02fa[TermuxActivity]: dispatchDetachedFromWindow
04-04 00:26:52.229  5780  5780 D InputTransport: Input channel destroyed: '973e806', fd=118
04-04 00:26:52.231  5780  5780 I Dialog  : mIsDeviceDefault = false, mIsSamsungBasicInteraction = false, isMetaDataInActivity = false
04-04 00:26:52.236  5780  5780 I DecorView: setWindowBackground: isPopOver=false color=fff6f6f8 d=android.graphics.drawable.InsetDrawable@faf0e49
04-04 00:26:52.240  5780  5780 D ScrollView: initGoToTop
04-04 00:26:52.241  5780  5780 D ScrollView: initGoToTop
04-04 00:26:52.243  5780  5780 W Settings: Setting show_button_background has moved from android.provider.Settings.System to android.provider.Settings.Global, returning read-only value.
04-04 00:26:52.243  5780  5780 I WindowManager: WindowManagerGlobal#addView, ty=2, view=DecorView@6d75568[TermuxActivity], caller=android.view.WindowManagerImpl.addView:150 android.app.Dialog.show:512 android.app.ProgressDialog.show:229 
04-04 00:26:52.245  5780  6217 D NativeCustomFrequencyManager: [NativeCFMS] BpCustomFrequencyManager::BpCustomFrequencyManager()
04-04 00:26:52.254  5780  5780 I InsetsController: onStateChanged: host=com.termux/com.termux.app.TermuxActivity, from=android.view.ViewRootImpl.setView:1753, state=InsetsState: {mDisplayFrame=Rect(0, 0 - 1080, 2400), mDisplayCutout=DisplayCutout{insets=Rect(0, 86 - 0, 0) waterfall=Insets{left=0, top=0, right=0, bottom=0} boundingRect={Bounds=[Rect(0, 0 - 0, 0), Rect(514, 0 - 566, 86), Rect(0, 0 - 0, 0), Rect(0, 0 - 0, 0)]} cutoutPathParserInfo={CutoutPathParserInfo{displayWidth=1080 displayHeight=2400 physicalDisplayWidth=1080 physicalDisplayHeight=2400 density={2.8125} cutoutSpec={M 0,0 M 0,12.08888888888889 a 9.244444444444444,9.244444444444444 0 1,0 0,18.48888888888889 a 9.244444444444444,9.244444444444444 0 1,0 0,-18.48888888888889 Z @dp} rotation={0} scale={1.0} physicalPixelDisplaySizeRatio={1.0}}}}, mRoundedCorners=RoundedCorners{[RoundedCorner{position=TopLeft, radius=0, center=Point(0, 0)}, RoundedCorner{position=TopRight, radius=0, center=Point(0, 0)}, RoundedCorner{position=BottomRight, radius=0, center=Point(0, 0)}, RoundedCorner{position=BottomLeft, radius=0, center=Point(0, 0)}]}  mRoundedCornerFrame=Rect(0, 0 - 1080, 2400), mPrivacyIndicatorBounds=PrivacyIndicatorBounds {static bounds=Rect(948, 0 - 1080, 86) rotation=0}, mDisplayShape=DisplayShape{ spec=-311912193 displayWidth=1080 displayHeight=2400 physicalPixelDisplaySizeRatio=1.0 rotation=0 offsetX=0 offsetY=0 scale=1.0}, mSources= { InsetsSource: {a5de0000 mType=statusBars mFrame=[0,0][1080,86] mVisible=true mFlags=[]}, InsetsSource: {a5de0005 mType=mandatorySystemGestures mFrame=[0,0][1080,122] mVisible=true mFlags=[]}, InsetsSource: {a5de0006 mType=tappableElement mFrame=[0,0][1080,86] mVisible=true mFlags=[]}, InsetsSource: {baf90001 mType=navigationBars mFrame=[0,2256][1080,2400] mVisible=true mFlags=[]}, InsetsSource: {baf90004 mType=systemGestures mFrame=[0,0][0,0] mVisible=true mFlags=[]}, InsetsSource: {baf90005 mType=mandatorySystemGestures mFrame=[0,2256][1080,2400] mVisible=true mFlags=[]}, InsetsSource: {baf90006 mType=tappableElement mFrame=[0,2256][1080,2400] mVisible=true mFlags=[]}, InsetsSource: {baf90024 mType=systemGestures mFrame=[0,0][0,0] mVisible=true mFlags=[]}, InsetsSource: {27 mType=displayCutout mFrame=[0,0][1080,86] mVisible=true mFlags=[]} }
04-04 00:26:52.255  5780  5780 I ViewRootImpl@c253d81[TermuxActivity]: synced displayState. AttachInfo displayState=2
04-04 00:26:52.255  5780  5780 I ViewRootImpl@c253d81[TermuxActivity]: setView = com.android.internal.policy.DecorView@6d75568 TM=true
04-04 00:26:52.256  5780  6293 I Termux:TermuxInstaller: Installing Termux bootstrap packages.
04-04 00:26:52.258  5780  6293 I Termux:TermuxInstaller: Extracting bootstrap zip to prefix staging directory "/data/data/com.termux/files/usr-staging".
04-04 00:26:52.267  5780  5780 I InsetsSourceConsumer: applyRequestedVisibilityToControl: visible=true, type=navigationBars, host=com.termux/com.termux.app.TermuxActivity
04-04 00:26:52.268  5780  5780 I InsetsSourceConsumer: applyRequestedVisibilityToControl: visible=true, type=statusBars, host=com.termux/com.termux.app.TermuxActivity
04-04 00:26:52.268  5780  5780 I BufferQueueProducer: [](id:169400000003,api:0,p:2,c:5780) setDequeueTimeout:2077252342
04-04 00:26:52.269  5780  5780 I BLASTBufferQueue_Java: new BLASTBufferQueue, mName= ViewRootImpl@c253d81[TermuxActivity] mNativeObject= 0x7c9e077670 sc.mNativeObject= 0x7c5e068d50 caller= android.view.ViewRootImpl.updateBlastSurfaceIfNeeded:3028 android.view.ViewRootImpl.relayoutWindow:10131 android.view.ViewRootImpl.performTraversals:4110 android.view.ViewRootImpl.doTraversal:3288 android.view.ViewRootImpl$TraversalRunnable.run:11344 android.view.Choreographer$CallbackRecord.run:1689 android.view.Choreographer$CallbackRecord.run:1698 android.view.Choreographer.doCallbacks:1153 android.view.Choreographer.doFrame:1079 android.view.Choreographer$FrameDisplayEventReceiver.run:1646 
04-04 00:26:52.269  5780  5780 I BLASTBufferQueue_Java: update, w= 1218 h= 540 mName = ViewRootImpl@c253d81[TermuxActivity] mNativeObject= 0x7c9e077670 sc.mNativeObject= 0x7c5e068d50 format= -3 caller= android.graphics.BLASTBufferQueue.<init>:89 android.view.ViewRootImpl.updateBlastSurfaceIfNeeded:3028 android.view.ViewRootImpl.relayoutWindow:10131 android.view.ViewRootImpl.performTraversals:4110 android.view.ViewRootImpl.doTraversal:3288 android.view.ViewRootImpl$TraversalRunnable.run:11344 
04-04 00:26:52.270  5780  5780 I ViewRootImpl@c253d81[TermuxActivity]: Relayout returned: old=(0,86,1080,2256) new=(27,997,1053,1345) relayoutAsync=false req=(1026,348)0 dur=10 res=0x403 s={true 0x7c4e07e110} ch=true seqId=0
04-04 00:26:52.271  5780  5780 I ViewRootImpl@c253d81[TermuxActivity]: performConfigurationChange setNightDimText nightDimLevel=0
04-04 00:26:52.271  5780  5780 D ViewRootImpl@c253d81[TermuxActivity]: mThreadedRenderer.initialize() mSurface={isValid=true 0x7c4e07e110} hwInitialized=true
04-04 00:26:52.272  5780  5780 D ViewRootImpl@c253d81[TermuxActivity]: reportNextDraw android.view.ViewRootImpl.performTraversals:4718 android.view.ViewRootImpl.doTraversal:3288 android.view.ViewRootImpl$TraversalRunnable.run:11344 android.view.Choreographer$CallbackRecord.run:1689 android.view.Choreographer$CallbackRecord.run:1698 
04-04 00:26:52.273  5780  5780 I ViewRootImpl@c253d81[TermuxActivity]: Setup new sync=wmsSync-ViewRootImpl@c253d81[TermuxActivity]#10
04-04 00:26:52.273  5780  5780 I ViewRootImpl@c253d81[TermuxActivity]: Creating new active sync group ViewRootImpl@c253d81[TermuxActivity]#11
04-04 00:26:52.273  5780  5780 I ViewRootImpl@c253d81[TermuxActivity]: registerCallbacksForSync syncBuffer=false
04-04 00:26:52.275  5780  6234 I ViewRootImpl@c253d81[TermuxActivity]: Received frameDrawingCallback syncResult=0 frameNum=1.
04-04 00:26:52.275  5780  6234 I ViewRootImpl@c253d81[TermuxActivity]: mWNT: t=0x7bee0efd50 mBlastBufferQueue=0x7c9e077670 fn= 1 mRenderHdrSdrRatio=1.0 caller= android.view.ViewRootImpl$8.onFrameDraw:13841 android.view.ThreadedRenderer$1.onFrameDraw:792 <bottom of call stack> 
04-04 00:26:52.275  5780  6234 I ViewRootImpl@c253d81[TermuxActivity]: Setting up sync and frameCommitCallback
04-04 00:26:52.277  5780  6217 I BLASTBufferQueue: [ViewRootImpl@c253d81[TermuxActivity]#3](f:0,a:0,s:0) onFrameAvailable the first frame is available
04-04 00:26:52.278  5780  6217 I ViewRootImpl@c253d81[TermuxActivity]: Received frameCommittedCallback lastAttemptedDrawFrameNum=1 didProduceBuffer=true
04-04 00:26:52.278  5780  6217 D OpenGLRenderer: CFMS:: SetUp Pid : 5780    Tid : 6217
04-04 00:26:52.279  5780  5780 I ViewRootImpl@c253d81[TermuxActivity]: reportDrawFinished seqId=0
04-04 00:26:52.281  5780  5780 I InsetsController: onStateChanged: host=com.termux/com.termux.app.TermuxActivity, from=android.view.ViewRootImpl$ViewRootHandler.handleMessageImpl:7209, state=InsetsState: {mDisplayFrame=Rect(0, 0 - 1080, 2400), mDisplayCutout=DisplayCutout{insets=Rect(0, 86 - 0, 0) waterfall=Insets{left=0, top=0, right=0, bottom=0} boundingRect={Bounds=[Rect(0, 0 - 0, 0), Rect(514, 0 - 566, 86), Rect(0, 0 - 0, 0), Rect(0, 0 - 0, 0)]} cutoutPathParserInfo={CutoutPathParserInfo{displayWidth=1080 displayHeight=2400 physicalDisplayWidth=1080 physicalDisplayHeight=2400 density={2.8125} cutoutSpec={M 0,0 M 0,12.08888888888889 a 9.244444444444444,9.244444444444444 0 1,0 0,18.48888888888889 a 9.244444444444444,9.244444444444444 0 1,0 0,-18.48888888888889 Z @dp} rotation={0} scale={1.0} physicalPixelDisplaySizeRatio={1.0}}}}, mRoundedCorners=RoundedCorners{[RoundedCorner{position=TopLeft, radius=0, center=Point(0, 0)}, RoundedCorner{position=TopRight, radius=0, center=Point(0, 0)}, RoundedCorner{position=BottomRight, radius=0, center=Point(0, 0)}, RoundedCorner{position=BottomLeft, radius=0, center=Point(0, 0)}]}  mRoundedCornerFrame=Rect(0, 0 - 1080, 2400), mPrivacyIndicatorBounds=PrivacyIndicatorBounds {static bounds=Rect(948, 0 - 1080, 86) rotation=0}, mDisplayShape=DisplayShape{ spec=-311912193 displayWidth=1080 displayHeight=2400 physicalPixelDisplaySizeRatio=1.0 rotation=0 offsetX=0 offsetY=0 scale=1.0}, mSources= { InsetsSource: {a5de0000 mType=statusBars mFrame=[0,0][1080,86] mVisible=true mFlags=[]}, InsetsSource: {a5de0005 mType=mandatorySystemGestures mFrame=[0,0][1080,122] mVisible=true mFlags=[]}, InsetsSource: {a5de0006 mType=tappableElement mFrame=[0,0][1080,86] mVisible=true mFlags=[]}, InsetsSource: {baf90001 mType=navigationBars mFrame=[0,2256][1080,2400] mVisible=true mFlags=[]}, InsetsSource: {baf90004 mType=systemGestures mFrame=[0,0][0,0] mVisible=true mFlags=[]}, InsetsSource: {baf90005 mType=mandatorySystemGestures mFrame=[0,2256][1080,2400] mVisible=true mFlags=[]}, InsetsSource: {baf90006 mType=tappableElement mFrame=[0,2256][1080,2400] mVisible=true mFlags=[]}, InsetsSource: {baf90024 mType=systemGestures mFrame=[0,0][0,0] mVisible=true mFlags=[]}, InsetsSource: {27 mType=displayCutout mFrame=[0,0][1080,86] mVisible=true mFlags=[]} }
04-04 00:26:52.282  5780  5780 I InsetsSourceConsumer: applyRequestedVisibilityToControl: visible=true, type=navigationBars, host=com.termux/com.termux.app.TermuxActivity
04-04 00:26:52.283  5780  5780 I InsetsSourceConsumer: applyRequestedVisibilityToControl: visible=true, type=statusBars, host=com.termux/com.termux.app.TermuxActivity
04-04 00:26:52.289  5780  6217 D OpenGLRenderer: HWUI - treat SMPTE_170M as sRGB
04-04 00:26:52.291  5780  5780 I ViewRootImpl@2d6e682[TermuxActivity]: handleWindowFocusChanged: 0 0 call from android.view.ViewRootImpl.-$$Nest$mhandleWindowFocusChanged:0
04-04 00:26:52.291  5780  5780 I ImeFocusController: onPreWindowFocus: skipped, hasWindowFocus=false mHasImeFocus=true
04-04 00:26:52.291  5780  5780 I ImeFocusController: onPostWindowFocus: skipped, hasWindowFocus=false mHasImeFocus=true
04-04 00:26:52.325  5780  5780 I ViewRootImpl@c253d81[TermuxActivity]: handleWindowFocusChanged: 1 0 call from android.view.ViewRootImpl.-$$Nest$mhandleWindowFocusChanged:0
04-04 00:26:52.325  5780  5780 D ViewRootImpl@c253d81[TermuxActivity]: mThreadedRenderer.initializeIfNeeded()#2 mSurface={isValid=true 0x7c4e07e110}
04-04 00:26:52.325  5780  5780 I ImeFocusController: onPreWindowFocus: skipped, hasWindowFocus=true mHasImeFocus=false
04-04 00:26:52.325  5780  5780 I ImeFocusController: onPostWindowFocus: skipped, hasWindowFocus=true mHasImeFocus=false
04-04 00:26:54.424  5780  6293 I Termux:TermuxInstaller: Moving termux prefix staging to prefix directory.
04-04 00:26:54.424  5780  6293 I Termux:TermuxInstaller: Running Termux bootstrap second stage.
04-04 00:26:54.661  5780  6293 E Termux:TermuxInstaller: Bootstrap Error:
04-04 00:26:54.661  5780  6293 E Termux:TermuxInstaller: ``````
04-04 00:26:54.661  5780  6293 E Termux:TermuxInstaller: (-1) Termux Bootstrap Second Stage Command:
04-04 00:26:54.661  5780  6293 E Termux:TermuxInstaller: Previous State: `Executing`
04-04 00:26:54.661  5780  6293 E Termux:TermuxInstaller: Current State: `Failed`
04-04 00:26:54.661  5780  6293 E Termux:TermuxInstaller: 
04-04 00:26:54.661  5780  6293 E Termux:TermuxInstaller: Stdout: -
04-04 00:26:54.661  5780  6293 E Termux:TermuxInstaller: Stderr: -
04-04 00:26:54.661  5780  6293 E Termux:TermuxInstaller: Exit Code: -
04-04 00:26:54.661  5780  6293 E Termux:TermuxInstaller: 
04-04 00:26:54.661  5780  6293 E Termux:TermuxInstaller: Error Code: `2`
04-04 00:26:54.661  5780  6293 E Termux:TermuxInstaller: Error Message:
04-04 00:26:54.661  5780  6293 E Termux:TermuxInstaller: ```
04-04 00:26:54.661  5780  6293 E Termux:TermuxInstaller: Failed to execute "(-1) Termux Bootstrap Second Stage Command" termux task command
04-04 00:26:54.661  5780  6293 E Termux:TermuxInstaller: ```
04-04 00:26:54.661  5780  6293 E Termux:TermuxInstaller: 
04-04 00:26:54.661  5780  6293 E Termux:TermuxInstaller: StackTraces:
04-04 00:26:54.661  5780  6293 E Termux:TermuxInstaller: ```
04-04 00:26:54.661  5780  6293 E Termux:TermuxInstaller: java.io.IOException: Cannot run program "/data/data/com.termux/files/usr/etc/termux/bootstrap/termux-bootstrap-second-stage.sh" (in directory "/data/data/com.termux/files/home"): error=13, Permission denied
04-04 00:26:54.661  5780  6293 E Termux:TermuxInstaller: 	at java.lang.ProcessBuilder.start(ProcessBuilder.java:1050)
04-04 00:26:54.661  5780  6293 E Termux:TermuxInstaller: 	at java.lang.Runtime.exec(Runtime.java:712)
04-04 00:26:54.661  5780  6293 E Termux:TermuxInstaller: 	at com.termux.shared.shell.TermuxTask.execute(TermuxTask.java:96)
04-04 00:26:54.661  5780  6293 E Termux:TermuxInstaller: 	at com.termux.app.TermuxInstaller$1.run(TermuxInstaller.java:224)
04-04 00:26:54.661  5780  6293 E Termux:TermuxInstaller: Caused by: java.io.IOException: error=13, Permission denied
04-04 00:26:54.661  5780  6293 E Termux:TermuxInstaller: 	at java.lang.UNIXProcess.forkAndExec(Native Method)
04-04 00:26:54.661  5780  6293 E Termux:TermuxInstaller: 	at java.lang.UNIXProcess.<init>(UNIXProcess.java:133)
04-04 00:26:54.661  5780  6293 E Termux:TermuxInstaller: 	at java.lang.ProcessImpl.start(ProcessImpl.java:141)
04-04 00:26:54.661  5780  6293 E Termux:TermuxInstaller: 	at java.lang.ProcessBuilder.start(ProcessBuilder.java:1029)
04-04 00:26:54.661  5780  6293 E Termux:TermuxInstaller: 	... 3 more
04-04 00:26:54.661  5780  6293 E Termux:TermuxInstaller: 
04-04 00:26:54.661  5780  6293 E Termux:TermuxInstaller: ```
04-04 00:26:54.661  5780  6293 E Termux:TermuxInstaller: 
04-04 00:26:54.661  5780  6293 E Termux:TermuxInstaller: ``````
04-04 00:26:55.224  5780  6293 I NotificationManager: com.termux: notify(2, null, Notification(channel=termux_crash_reports_notification_channel shortcut=null contentView=null vibrate=default sound=null defaults=0x2 flags=0x10 color=0xff607d8b vis=PRIVATE semFlags=0x0 semPriority=0 semMissedCount=0)) as user
04-04 00:26:55.227  5780  5780 I Dialog  : mIsDeviceDefault = false, mIsSamsungBasicInteraction = false, isMetaDataInActivity = false
04-04 00:26:55.228  5780  5780 I DecorView: setWindowBackground: isPopOver=false color=fff6f6f8 d=android.graphics.drawable.InsetDrawable@5843d79
04-04 00:26:55.230  5780  5780 D ScrollView: initGoToTop
04-04 00:26:55.231  5780  5780 D ScrollView: initGoToTop
04-04 00:26:55.233  5780  5780 W Settings: Setting show_button_background has moved from android.provider.Settings.System to android.provider.Settings.Global, returning read-only value.
04-04 00:26:55.235  5780  5780 I WindowManager: WindowManagerGlobal#addView, ty=2, view=DecorView@d2b22b1[TermuxActivity], caller=android.view.WindowManagerImpl.addView:150 android.app.Dialog.show:512 android.app.AlertDialog$Builder.show:1153 
04-04 00:26:55.236  5780  6217 D NativeCustomFrequencyManager: [NativeCFMS] BpCustomFrequencyManager::BpCustomFrequencyManager()
04-04 00:26:55.246  5780  5780 I InsetsController: onStateChanged: host=com.termux/com.termux.app.TermuxActivity, from=android.view.ViewRootImpl.setView:1753, state=InsetsState: {mDisplayFrame=Rect(0, 0 - 1080, 2400), mDisplayCutout=DisplayCutout{insets=Rect(0, 86 - 0, 0) waterfall=Insets{left=0, top=0, right=0, bottom=0} boundingRect={Bounds=[Rect(0, 0 - 0, 0), Rect(514, 0 - 566, 86), Rect(0, 0 - 0, 0), Rect(0, 0 - 0, 0)]} cutoutPathParserInfo={CutoutPathParserInfo{displayWidth=1080 displayHeight=2400 physicalDisplayWidth=1080 physicalDisplayHeight=2400 density={2.8125} cutoutSpec={M 0,0 M 0,12.08888888888889 a 9.244444444444444,9.244444444444444 0 1,0 0,18.48888888888889 a 9.244444444444444,9.244444444444444 0 1,0 0,-18.48888888888889 Z @dp} rotation={0} scale={1.0} physicalPixelDisplaySizeRatio={1.0}}}}, mRoundedCorners=RoundedCorners{[RoundedCorner{position=TopLeft, radius=0, center=Point(0, 0)}, RoundedCorner{position=TopRight, radius=0, center=Point(0, 0)}, RoundedCorner{position=BottomRight, radius=0, center=Point(0, 0)}, RoundedCorner{position=BottomLeft, radius=0, center=Point(0, 0)}]}  mRoundedCornerFrame=Rect(0, 0 - 1080, 2400), mPrivacyIndicatorBounds=PrivacyIndicatorBounds {static bounds=Rect(948, 0 - 1080, 86) rotation=0}, mDisplayShape=DisplayShape{ spec=-311912193 displayWidth=1080 displayHeight=2400 physicalPixelDisplaySizeRatio=1.0 rotation=0 offsetX=0 offsetY=0 scale=1.0}, mSources= { InsetsSource: {a5de0000 mType=statusBars mFrame=[0,0][1080,86] mVisible=true mFlags=[]}, InsetsSource: {a5de0005 mType=mandatorySystemGestures mFrame=[0,0][1080,122] mVisible=true mFlags=[]}, InsetsSource: {a5de0006 mType=tappableElement mFrame=[0,0][1080,86] mVisible=true mFlags=[]}, InsetsSource: {baf90001 mType=navigationBars mFrame=[0,2256][1080,2400] mVisible=true mFlags=[]}, InsetsSource: {baf90004 mType=systemGestures mFrame=[0,0][0,0] mVisible=true mFlags=[]}, InsetsSource: {baf90005 mType=mandatorySystemGestures mFrame=[0,2256][1080,2400] mVisible=true mFlags=[]}, InsetsSource: {baf90006 mType=tappableElement mFrame=[0,2256][1080,2400] mVisible=true mFlags=[]}, InsetsSource: {baf90024 mType=systemGestures mFrame=[0,0][0,0] mVisible=true mFlags=[]}, InsetsSource: {27 mType=displayCutout mFrame=[0,0][1080,86] mVisible=true mFlags=[]} }
04-04 00:26:55.246  5780  5780 I ViewRootImpl@5d5e396[TermuxActivity]: synced displayState. AttachInfo displayState=2
04-04 00:26:55.246  5780  5780 I ViewRootImpl@5d5e396[TermuxActivity]: setView = com.android.internal.policy.DecorView@d2b22b1 TM=true
04-04 00:26:55.247  5780  5780 I WindowManager: WindowManagerGlobal#removeView, ty=2, view=DecorView@6d75568[TermuxActivity], caller=android.view.WindowManagerGlobal.removeView:628 android.view.WindowManagerImpl.removeViewImmediate:208 android.app.Dialog.dismissDialog:801 
04-04 00:26:55.247  5780  5780 W WindowOnBackDispatcher: sendCancelIfRunning: isInProgress=falsecallback=android.view.ViewRootImpl$$ExternalSyntheticLambda19@e806014
04-04 00:26:55.248  5780  5780 I ViewRootImpl@c253d81[TermuxActivity]: dispatchDetachedFromWindow
04-04 00:26:55.261  5780  5780 D InputTransport: Input channel destroyed: '521a141', fd=119
04-04 00:26:55.261  5780  6217 D OpenGLRenderer: HWUI - treat SMPTE_170M as sRGB
04-04 00:26:55.273  5780  6284 I ViewRootImpl@5d5e396[TermuxActivity]: Resizing android.view.ViewRootImpl@f04a322: frame = [27,878][1053,1463] reportDraw = true forceLayout = false syncSeqId = -1
04-04 00:26:55.277  5780  5780 I InsetsSourceConsumer: applyRequestedVisibilityToControl: visible=true, type=navigationBars, host=com.termux/com.termux.app.TermuxActivity
04-04 00:26:55.277  5780  5780 I InsetsSourceConsumer: applyRequestedVisibilityToControl: visible=true, type=statusBars, host=com.termux/com.termux.app.TermuxActivity
04-04 00:26:55.278  5780  5780 I BufferQueueProducer: [](id:169400000004,api:0,p:0,c:5780) setDequeueTimeout:2077252342
04-04 00:26:55.278  5780  5780 I BLASTBufferQueue_Java: new BLASTBufferQueue, mName= ViewRootImpl@5d5e396[TermuxActivity] mNativeObject= 0x7c9e0798d0 sc.mNativeObject= 0x7c5e062b10 caller= android.view.ViewRootImpl.updateBlastSurfaceIfNeeded:3028 android.view.ViewRootImpl.relayoutWindow:10131 android.view.ViewRootImpl.performTraversals:4110 android.view.ViewRootImpl.doTraversal:3288 android.view.ViewRootImpl$TraversalRunnable.run:11344 android.view.Choreographer$CallbackRecord.run:1689 android.view.Choreographer$CallbackRecord.run:1698 android.view.Choreographer.doCallbacks:1153 android.view.Choreographer.doFrame:1079 android.view.Choreographer$FrameDisplayEventReceiver.run:1646 
04-04 00:26:55.278  5780  5780 I BLASTBufferQueue_Java: update, w= 1218 h= 777 mName = ViewRootImpl@5d5e396[TermuxActivity] mNativeObject= 0x7c9e0798d0 sc.mNativeObject= 0x7c5e062b10 format= -3 caller= android.graphics.BLASTBufferQueue.<init>:89 android.view.ViewRootImpl.updateBlastSurfaceIfNeeded:3028 android.view.ViewRootImpl.relayoutWindow:10131 android.view.ViewRootImpl.performTraversals:4110 android.view.ViewRootImpl.doTraversal:3288 android.view.ViewRootImpl$TraversalRunnable.run:11344 
04-04 00:26:55.279  5780  5780 I ViewRootImpl@5d5e396[TermuxActivity]: Relayout returned: old=(0,86,1080,2256) new=(27,878,1053,1463) relayoutAsync=false req=(1026,585)0 dur=15 res=0x403 s={true 0x7c4e07e110} ch=true seqId=0
04-04 00:26:55.279  5780  5780 I ViewRootImpl@5d5e396[TermuxActivity]: performConfigurationChange setNightDimText nightDimLevel=0
04-04 00:26:55.280  5780  5780 D ViewRootImpl@5d5e396[TermuxActivity]: mThreadedRenderer.initialize() mSurface={isValid=true 0x7c4e07e110} hwInitialized=true
04-04 00:26:55.281  5780  5780 D ScrollView:  onsize change changed 
04-04 00:26:55.281  5780  5780 D ScrollView:  onsize change changed 
04-04 00:26:55.282  5780  5780 D ViewRootImpl@5d5e396[TermuxActivity]: reportNextDraw android.view.ViewRootImpl.performTraversals:4718 android.view.ViewRootImpl.doTraversal:3288 android.view.ViewRootImpl$TraversalRunnable.run:11344 android.view.Choreographer$CallbackRecord.run:1689 android.view.Choreographer$CallbackRecord.run:1698 
04-04 00:26:55.282  5780  5780 I ViewRootImpl@5d5e396[TermuxActivity]: Setup new sync=wmsSync-ViewRootImpl@5d5e396[TermuxActivity]#12
04-04 00:26:55.282  5780  5780 I ViewRootImpl@5d5e396[TermuxActivity]: Creating new active sync group ViewRootImpl@5d5e396[TermuxActivity]#13
04-04 00:26:55.282  5780  5780 I ViewRootImpl@5d5e396[TermuxActivity]: registerCallbacksForSync syncBuffer=false
04-04 00:26:55.283  5780  6235 I ViewRootImpl@5d5e396[TermuxActivity]: Received frameDrawingCallback syncResult=0 frameNum=1.
04-04 00:26:55.283  5780  6235 I ViewRootImpl@5d5e396[TermuxActivity]: mWNT: t=0x7bee074af0 mBlastBufferQueue=0x7c9e0798d0 fn= 1 mRenderHdrSdrRatio=1.0 caller= android.view.ViewRootImpl$8.onFrameDraw:13841 android.view.ThreadedRenderer$1.onFrameDraw:792 <bottom of call stack> 
04-04 00:26:55.284  5780  6235 I ViewRootImpl@5d5e396[TermuxActivity]: Setting up sync and frameCommitCallback
04-04 00:26:55.286  5780  6217 I BLASTBufferQueue: [ViewRootImpl@5d5e396[TermuxActivity]#4](f:0,a:0,s:0) onFrameAvailable the first frame is available
04-04 00:26:55.286  5780  6217 I ViewRootImpl@5d5e396[TermuxActivity]: Received frameCommittedCallback lastAttemptedDrawFrameNum=1 didProduceBuffer=true
04-04 00:26:55.287  5780  6217 D OpenGLRenderer: CFMS:: SetUp Pid : 5780    Tid : 6217
04-04 00:26:55.287  5780  5780 I ViewRootImpl@5d5e396[TermuxActivity]: reportDrawFinished seqId=0
04-04 00:26:55.289  5780  5780 I ViewRootImpl@5d5e396[TermuxActivity]: handleResized, msg = 5 frames=ClientWindowFrames{frame=[27,878][1053,1463] display=[0,86][1080,2256] parentFrame=[0,0][0,0]} forceNextWindowRelayout=false displayId=0 dragResizing=false compatScale=1.0 frameChanged=false attachedFrameChanged=false configChanged=false displayChanged=false compatScaleChanged=false
04-04 00:26:55.289  5780  5780 I ViewRootImpl@5d5e396[TermuxActivity]: handleResized mSyncSeqId = 0
04-04 00:26:55.289  5780  5780 D ViewRootImpl@5d5e396[TermuxActivity]: reportNextDraw android.view.ViewRootImpl.handleResized:2530 android.view.ViewRootImpl.-$$Nest$mhandleResized:0 android.view.ViewRootImpl$ViewRootHandler.handleMessageImpl:7197 android.view.ViewRootImpl$ViewRootHandler.handleMessage:7166 android.os.Handler.dispatchMessage:106 
04-04 00:26:55.290  5780  5780 I ViewRootImpl@5d5e396[TermuxActivity]: Setup new sync=wmsSync-ViewRootImpl@5d5e396[TermuxActivity]#14
04-04 00:26:55.290  5780  5780 I ViewRootImpl@5d5e396[TermuxActivity]: Creating new active sync group ViewRootImpl@5d5e396[TermuxActivity]#15
04-04 00:26:55.291  5780  5780 I ViewRootImpl@5d5e396[TermuxActivity]: registerCallbacksForSync syncBuffer=false
04-04 00:26:55.292  5780  6234 I ViewRootImpl@5d5e396[TermuxActivity]: Received frameDrawingCallback syncResult=0 frameNum=2.
04-04 00:26:55.292  5780  6234 I ViewRootImpl@5d5e396[TermuxActivity]: mWNT: t=0x7bee0e5430 mBlastBufferQueue=0x7c9e0798d0 fn= 2 mRenderHdrSdrRatio=1.0 caller= android.view.ViewRootImpl$8.onFrameDraw:13841 android.view.ThreadedRenderer$1.onFrameDraw:792 <bottom of call stack> 
04-04 00:26:55.292  5780  6234 I ViewRootImpl@5d5e396[TermuxActivity]: Setting up sync and frameCommitCallback
04-04 00:26:55.292  5780  6217 I ViewRootImpl@5d5e396[TermuxActivity]: Received frameCommittedCallback lastAttemptedDrawFrameNum=2 didProduceBuffer=false
04-04 00:26:55.292  5780  6217 I BLASTBufferQueue_Java: gatherPendingTransactions, mName= ViewRootImpl@5d5e396[TermuxActivity] mNativeObject= 0x7c9e0798d0 frameNumber= 2 caller= android.view.ViewRootImpl$8.lambda$onFrameDraw$1:13914 android.view.ViewRootImpl$8.$r8$lambda$6frSHsGsDhUEo8Wl9hChpniTVZ0:0 android.view.ViewRootImpl$8$$ExternalSyntheticLambda1.onFrameCommit:9 android.view.ThreadedRenderer$1.lambda$onFrameDraw$0:804 android.view.ThreadedRenderer$1$$ExternalSyntheticLambda0.onFrameCommit:2 <bottom of call stack> 
04-04 00:26:55.293  5780  5780 I ViewRootImpl@5d5e396[TermuxActivity]: reportDrawFinished seqId=0
04-04 00:26:55.329  5780  5780 I ViewRootImpl@5d5e396[TermuxActivity]: handleWindowFocusChanged: 1 0 call from android.view.ViewRootImpl.-$$Nest$mhandleWindowFocusChanged:0
04-04 00:26:55.330  5780  5780 D ViewRootImpl@5d5e396[TermuxActivity]: mThreadedRenderer.initializeIfNeeded()#2 mSurface={isValid=true 0x7c4e07e110}
04-04 00:26:55.330  5780  5780 I ImeFocusController: onPreWindowFocus: skipped, hasWindowFocus=true mHasImeFocus=false
04-04 00:26:55.330  5780  5780 I ImeFocusController: onPostWindowFocus: skipped, hasWindowFocus=true mHasImeFocus=false
04-04 00:26:59.391  5780  5780 I ViewRootImpl@5d5e396[TermuxActivity]: ViewPostIme pointer 0
04-04 00:26:59.498  5780  5780 I ViewRootImpl@5d5e396[TermuxActivity]: ViewPostIme pointer 1
04-04 00:26:59.501  5780  5780 I WindowManager: WindowManagerGlobal#removeView, ty=2, view=DecorView@d2b22b1[TermuxActivity], caller=android.view.WindowManagerGlobal.removeView:628 android.view.WindowManagerImpl.removeViewImmediate:208 android.app.Dialog.dismissDialog:801 
04-04 00:26:59.501  5780  5780 W WindowOnBackDispatcher: sendCancelIfRunning: isInProgress=falsecallback=android.view.ViewRootImpl$$ExternalSyntheticLambda19@a9e38ed
04-04 00:26:59.504  5780  6217 D OpenGLRenderer: endAllActiveAnimators on 0x7b7e0c5680 (RippleDrawable) with handle 0x7bbe0e8850
04-04 00:26:59.505  5780  5780 I ViewRootImpl@5d5e396[TermuxActivity]: dispatchDetachedFromWindow
04-04 00:26:59.521  5780  5780 D InputTransport: Input channel destroyed: '6501aff', fd=150
04-04 00:26:59.524  5780  5780 I Dialog  : mIsDeviceDefault = false, mIsSamsungBasicInteraction = false, isMetaDataInActivity = false
04-04 00:26:59.536  5780  5780 I DecorView: setWindowBackground: isPopOver=false color=fff6f6f8 d=android.graphics.drawable.InsetDrawable@c0ba17
04-04 00:26:59.538  5780  5780 D ScrollView: initGoToTop
04-04 00:26:59.539  5780  5780 D ScrollView: initGoToTop
04-04 00:26:59.540  5780  5780 W Settings: Setting show_button_background has moved from android.provider.Settings.System to android.provider.Settings.Global, returning read-only value.
04-04 00:26:59.541  5780  5780 I WindowManager: WindowManagerGlobal#addView, ty=2, view=DecorView@2897a6e[TermuxActivity], caller=android.view.WindowManagerImpl.addView:150 android.app.Dialog.show:512 android.app.ProgressDialog.show:229 
04-04 00:26:59.542  5780  6217 D NativeCustomFrequencyManager: [NativeCFMS] BpCustomFrequencyManager::BpCustomFrequencyManager()
04-04 00:26:59.553  5780  5780 I InsetsController: onStateChanged: host=com.termux/com.termux.app.TermuxActivity, from=android.view.ViewRootImpl.setView:1753, state=InsetsState: {mDisplayFrame=Rect(0, 0 - 1080, 2400), mDisplayCutout=DisplayCutout{insets=Rect(0, 86 - 0, 0) waterfall=Insets{left=0, top=0, right=0, bottom=0} boundingRect={Bounds=[Rect(0, 0 - 0, 0), Rect(514, 0 - 566, 86), Rect(0, 0 - 0, 0), Rect(0, 0 - 0, 0)]} cutoutPathParserInfo={CutoutPathParserInfo{displayWidth=1080 displayHeight=2400 physicalDisplayWidth=1080 physicalDisplayHeight=2400 density={2.8125} cutoutSpec={M 0,0 M 0,12.08888888888889 a 9.244444444444444,9.244444444444444 0 1,0 0,18.48888888888889 a 9.244444444444444,9.244444444444444 0 1,0 0,-18.48888888888889 Z @dp} rotation={0} scale={1.0} physicalPixelDisplaySizeRatio={1.0}}}}, mRoundedCorners=RoundedCorners{[RoundedCorner{position=TopLeft, radius=0, center=Point(0, 0)}, RoundedCorner{position=TopRight, radius=0, center=Point(0, 0)}, RoundedCorner{position=BottomRight, radius=0, center=Point(0, 0)}, RoundedCorner{position=BottomLeft, radius=0, center=Point(0, 0)}]}  mRoundedCornerFrame=Rect(0, 0 - 1080, 2400), mPrivacyIndicatorBounds=PrivacyIndicatorBounds {static bounds=Rect(948, 0 - 1080, 86) rotation=0}, mDisplayShape=DisplayShape{ spec=-311912193 displayWidth=1080 displayHeight=2400 physicalPixelDisplaySizeRatio=1.0 rotation=0 offsetX=0 offsetY=0 scale=1.0}, mSources= { InsetsSource: {a5de0000 mType=statusBars mFrame=[0,0][1080,86] mVisible=true mFlags=[]}, InsetsSource: {a5de0005 mType=mandatorySystemGestures mFrame=[0,0][1080,122] mVisible=true mFlags=[]}, InsetsSource: {a5de0006 mType=tappableElement mFrame=[0,0][1080,86] mVisible=true mFlags=[]}, InsetsSource: {baf90001 mType=navigationBars mFrame=[0,2256][1080,2400] mVisible=true mFlags=[]}, InsetsSource: {baf90004 mType=systemGestures mFrame=[0,0][0,0] mVisible=true mFlags=[]}, InsetsSource: {baf90005 mType=mandatorySystemGestures mFrame=[0,2256][1080,2400] mVisible=true mFlags=[]}, InsetsSource: {baf90006 mType=tappableElement mFrame=[0,2256][1080,2400] mVisible=true mFlags=[]}, InsetsSource: {baf90024 mType=systemGestures mFrame=[0,0][0,0] mVisible=true mFlags=[]}, InsetsSource: {27 mType=displayCutout mFrame=[0,0][1080,86] mVisible=true mFlags=[]} }
04-04 00:26:59.553  5780  5780 I ViewRootImpl@6ead50f[TermuxActivity]: synced displayState. AttachInfo displayState=2
04-04 00:26:59.553  5780  5780 I ViewRootImpl@6ead50f[TermuxActivity]: setView = com.android.internal.policy.DecorView@2897a6e TM=true
04-04 00:26:59.555  5780  6373 I Termux:TermuxInstaller: Installing Termux bootstrap packages.
04-04 00:26:59.557  5780  6373 I Termux:TermuxInstaller: Extracting bootstrap zip to prefix staging directory "/data/data/com.termux/files/usr-staging".
04-04 00:26:59.565  5780  5780 I InsetsSourceConsumer: applyRequestedVisibilityToControl: visible=true, type=navigationBars, host=com.termux/com.termux.app.TermuxActivity
04-04 00:26:59.565  5780  5780 I InsetsSourceConsumer: applyRequestedVisibilityToControl: visible=true, type=statusBars, host=com.termux/com.termux.app.TermuxActivity
04-04 00:26:59.566  5780  5780 I BufferQueueProducer: [](id:169400000005,api:0,p:140,c:5780) setDequeueTimeout:2077252342
04-04 00:26:59.566  5780  5780 I BLASTBufferQueue_Java: new BLASTBufferQueue, mName= ViewRootImpl@6ead50f[TermuxActivity] mNativeObject= 0x7c9e072b70 sc.mNativeObject= 0x7c5e073490 caller= android.view.ViewRootImpl.updateBlastSurfaceIfNeeded:3028 android.view.ViewRootImpl.relayoutWindow:10131 android.view.ViewRootImpl.performTraversals:4110 android.view.ViewRootImpl.doTraversal:3288 android.view.ViewRootImpl$TraversalRunnable.run:11344 android.view.Choreographer$CallbackRecord.run:1689 android.view.Choreographer$CallbackRecord.run:1698 android.view.Choreographer.doCallbacks:1153 android.view.Choreographer.doFrame:1079 android.view.Choreographer$FrameDisplayEventReceiver.run:1646 
04-04 00:26:59.567  5780  5780 I BLASTBufferQueue_Java: update, w= 1218 h= 540 mName = ViewRootImpl@6ead50f[TermuxActivity] mNativeObject= 0x7c9e072b70 sc.mNativeObject= 0x7c5e073490 format= -3 caller= android.graphics.BLASTBufferQueue.<init>:89 android.view.ViewRootImpl.updateBlastSurfaceIfNeeded:3028 android.view.ViewRootImpl.relayoutWindow:10131 android.view.ViewRootImpl.performTraversals:4110 android.view.ViewRootImpl.doTraversal:3288 android.view.ViewRootImpl$TraversalRunnable.run:11344 
04-04 00:26:59.567  5780  5780 I ViewRootImpl@6ead50f[TermuxActivity]: Relayout returned: old=(0,86,1080,2256) new=(27,997,1053,1345) relayoutAsync=false req=(1026,348)0 dur=10 res=0x403 s={true 0x7c4e07e110} ch=true seqId=0
04-04 00:26:59.568  5780  5780 I ViewRootImpl@6ead50f[TermuxActivity]: performConfigurationChange setNightDimText nightDimLevel=0
04-04 00:26:59.568  5780  5780 D ViewRootImpl@6ead50f[TermuxActivity]: mThreadedRenderer.initialize() mSurface={isValid=true 0x7c4e07e110} hwInitialized=true
04-04 00:26:59.569  5780  5780 D ViewRootImpl@6ead50f[TermuxActivity]: reportNextDraw android.view.ViewRootImpl.performTraversals:4718 android.view.ViewRootImpl.doTraversal:3288 android.view.ViewRootImpl$TraversalRunnable.run:11344 android.view.Choreographer$CallbackRecord.run:1689 android.view.Choreographer$CallbackRecord.run:1698 
04-04 00:26:59.569  5780  5780 I ViewRootImpl@6ead50f[TermuxActivity]: Setup new sync=wmsSync-ViewRootImpl@6ead50f[TermuxActivity]#16
04-04 00:26:59.569  5780  5780 I ViewRootImpl@6ead50f[TermuxActivity]: Creating new active sync group ViewRootImpl@6ead50f[TermuxActivity]#17
04-04 00:26:59.570  5780  5780 I ViewRootImpl@6ead50f[TermuxActivity]: registerCallbacksForSync syncBuffer=false
04-04 00:26:59.571  5780  6235 I ViewRootImpl@6ead50f[TermuxActivity]: Received frameDrawingCallback syncResult=0 frameNum=1.
04-04 00:26:59.571  5780  6235 I ViewRootImpl@6ead50f[TermuxActivity]: mWNT: t=0x7bee0e35f0 mBlastBufferQueue=0x7c9e072b70 fn= 1 mRenderHdrSdrRatio=1.0 caller= android.view.ViewRootImpl$8.onFrameDraw:13841 android.view.ThreadedRenderer$1.onFrameDraw:792 <bottom of call stack> 
04-04 00:26:59.571  5780  6235 I ViewRootImpl@6ead50f[TermuxActivity]: Setting up sync and frameCommitCallback
04-04 00:26:59.574  5780  6217 I BLASTBufferQueue: [ViewRootImpl@6ead50f[TermuxActivity]#5](f:0,a:0,s:0) onFrameAvailable the first frame is available
04-04 00:26:59.574  5780  6217 I ViewRootImpl@6ead50f[TermuxActivity]: Received frameCommittedCallback lastAttemptedDrawFrameNum=1 didProduceBuffer=true
04-04 00:26:59.575  5780  6217 D OpenGLRenderer: CFMS:: SetUp Pid : 5780    Tid : 6217
04-04 00:26:59.575  5780  5780 I ViewRootImpl@6ead50f[TermuxActivity]: reportDrawFinished seqId=0
04-04 00:26:59.575  5780  5780 I InsetsSourceConsumer: applyRequestedVisibilityToControl: visible=true, type=navigationBars, host=com.termux/com.termux.app.TermuxActivity
04-04 00:26:59.584  5780  5780 I InsetsSourceConsumer: applyRequestedVisibilityToControl: visible=true, type=statusBars, host=com.termux/com.termux.app.TermuxActivity
04-04 00:26:59.588  5780  6217 D OpenGLRenderer: HWUI - treat SMPTE_170M as sRGB
04-04 00:26:59.591  5780  5780 I ViewRootImpl@2d6e682[TermuxActivity]: handleWindowFocusChanged: 0 0 call from android.view.ViewRootImpl.-$$Nest$mhandleWindowFocusChanged:0
04-04 00:26:59.591  5780  5780 I ImeFocusController: onPreWindowFocus: skipped, hasWindowFocus=false mHasImeFocus=true
04-04 00:26:59.591  5780  5780 I ImeFocusController: onPostWindowFocus: skipped, hasWindowFocus=false mHasImeFocus=true
04-04 00:26:59.612  5780  5780 I ViewRootImpl@6ead50f[TermuxActivity]: handleWindowFocusChanged: 1 0 call from android.view.ViewRootImpl.-$$Nest$mhandleWindowFocusChanged:0
04-04 00:26:59.612  5780  5780 D ViewRootImpl@6ead50f[TermuxActivity]: mThreadedRenderer.initializeIfNeeded()#2 mSurface={isValid=true 0x7c4e07e110}
04-04 00:26:59.612  5780  5780 I ImeFocusController: onPreWindowFocus: skipped, hasWindowFocus=true mHasImeFocus=false
04-04 00:26:59.612  5780  5780 I ImeFocusController: onPostWindowFocus: skipped, hasWindowFocus=true mHasImeFocus=false
04-04 00:27:01.822  5780  6373 I Termux:TermuxInstaller: Moving termux prefix staging to prefix directory.
04-04 00:27:01.822  5780  6373 I Termux:TermuxInstaller: Running Termux bootstrap second stage.
04-04 00:27:02.117  5780  6373 E Termux:TermuxInstaller: Bootstrap Error:
04-04 00:27:02.117  5780  6373 E Termux:TermuxInstaller: ``````
04-04 00:27:02.117  5780  6373 E Termux:TermuxInstaller: (-1) Termux Bootstrap Second Stage Command:
04-04 00:27:02.117  5780  6373 E Termux:TermuxInstaller: Previous State: `Executing`
04-04 00:27:02.117  5780  6373 E Termux:TermuxInstaller: Current State: `Failed`
04-04 00:27:02.117  5780  6373 E Termux:TermuxInstaller: 
04-04 00:27:02.117  5780  6373 E Termux:TermuxInstaller: Stdout: -
04-04 00:27:02.117  5780  6373 E Termux:TermuxInstaller: Stderr: -
04-04 00:27:02.117  5780  6373 E Termux:TermuxInstaller: Exit Code: -
04-04 00:27:02.117  5780  6373 E Termux:TermuxInstaller: 
04-04 00:27:02.117  5780  6373 E Termux:TermuxInstaller: Error Code: `2`
04-04 00:27:02.117  5780  6373 E Termux:TermuxInstaller: Error Message:
04-04 00:27:02.117  5780  6373 E Termux:TermuxInstaller: ```
04-04 00:27:02.117  5780  6373 E Termux:TermuxInstaller: Failed to execute "(-1) Termux Bootstrap Second Stage Command" termux task command
04-04 00:27:02.117  5780  6373 E Termux:TermuxInstaller: ```
04-04 00:27:02.117  5780  6373 E Termux:TermuxInstaller: 
04-04 00:27:02.117  5780  6373 E Termux:TermuxInstaller: StackTraces:
04-04 00:27:02.117  5780  6373 E Termux:TermuxInstaller: ```
04-04 00:27:02.117  5780  6373 E Termux:TermuxInstaller: java.io.IOException: Cannot run program "/data/data/com.termux/files/usr/etc/termux/bootstrap/termux-bootstrap-second-stage.sh" (in directory "/data/data/com.termux/files/home"): error=13, Permission denied
04-04 00:27:02.117  5780  6373 E Termux:TermuxInstaller: 	at java.lang.ProcessBuilder.start(ProcessBuilder.java:1050)
04-04 00:27:02.117  5780  6373 E Termux:TermuxInstaller: 	at java.lang.Runtime.exec(Runtime.java:712)
04-04 00:27:02.117  5780  6373 E Termux:TermuxInstaller: 	at com.termux.shared.shell.TermuxTask.execute(TermuxTask.java:96)
