04-04 00:27:02.117  5780  6373 E Termux:TermuxInstaller: 	at com.termux.app.TermuxInstaller$1.run(TermuxInstaller.java:224)
04-04 00:27:02.117  5780  6373 E Termux:TermuxInstaller: Caused by: java.io.IOException: error=13, Permission denied
04-04 00:27:02.117  5780  6373 E Termux:TermuxInstaller: 	at java.lang.UNIXProcess.forkAndExec(Native Method)
04-04 00:27:02.117  5780  6373 E Termux:TermuxInstaller: 	at java.lang.UNIXProcess.<init>(UNIXProcess.java:133)
04-04 00:27:02.117  5780  6373 E Termux:TermuxInstaller: 	at java.lang.ProcessImpl.start(ProcessImpl.java:141)
04-04 00:27:02.117  5780  6373 E Termux:TermuxInstaller: 	at java.lang.ProcessBuilder.start(ProcessBuilder.java:1029)
04-04 00:27:02.117  5780  6373 E Termux:TermuxInstaller: 	... 3 more
04-04 00:27:02.117  5780  6373 E Termux:TermuxInstaller: 
04-04 00:27:02.117  5780  6373 E Termux:TermuxInstaller: ```
04-04 00:27:02.117  5780  6373 E Termux:TermuxInstaller: 
04-04 00:27:02.117  5780  6373 E Termux:TermuxInstaller: ``````
04-04 00:27:02.764  5780  6373 I NotificationManager: com.termux: notify(3, null, Notification(channel=termux_crash_reports_notification_channel shortcut=null contentView=null vibrate=default sound=null defaults=0x2 flags=0x10 color=0xff607d8b vis=PRIVATE semFlags=0x0 semPriority=0 semMissedCount=0)) as user
04-04 00:27:02.768  5780  5780 I Dialog  : mIsDeviceDefault = false, mIsSamsungBasicInteraction = false, isMetaDataInActivity = false
04-04 00:27:02.770  5780  5780 I DecorView: setWindowBackground: isPopOver=false color=fff6f6f8 d=android.graphics.drawable.InsetDrawable@9ca16c7
04-04 00:27:02.772  5780  5780 D ScrollView: initGoToTop
04-04 00:27:02.773  5780  5780 D ScrollView: initGoToTop
04-04 00:27:02.775  5780  5780 W Settings: Setting show_button_background has moved from android.provider.Settings.System to android.provider.Settings.Global, returning read-only value.
04-04 00:27:02.776  5780  5780 I WindowManager: WindowManagerGlobal#addView, ty=2, view=DecorView@ccd17bf[TermuxActivity], caller=android.view.WindowManagerImpl.addView:150 android.app.Dialog.show:512 android.app.AlertDialog$Builder.show:1153 
04-04 00:27:02.778  5780  6217 D NativeCustomFrequencyManager: [NativeCFMS] BpCustomFrequencyManager::BpCustomFrequencyManager()
04-04 00:27:02.792  5780  5780 I InsetsController: onStateChanged: host=com.termux/com.termux.app.TermuxActivity, from=android.view.ViewRootImpl.setView:1753, state=InsetsState: {mDisplayFrame=Rect(0, 0 - 1080, 2400), mDisplayCutout=DisplayCutout{insets=Rect(0, 86 - 0, 0) waterfall=Insets{left=0, top=0, right=0, bottom=0} boundingRect={Bounds=[Rect(0, 0 - 0, 0), Rect(514, 0 - 566, 86), Rect(0, 0 - 0, 0), Rect(0, 0 - 0, 0)]} cutoutPathParserInfo={CutoutPathParserInfo{displayWidth=1080 displayHeight=2400 physicalDisplayWidth=1080 physicalDisplayHeight=2400 density={2.8125} cutoutSpec={M 0,0 M 0,12.08888888888889 a 9.244444444444444,9.244444444444444 0 1,0 0,18.48888888888889 a 9.244444444444444,9.244444444444444 0 1,0 0,-18.48888888888889 Z @dp} rotation={0} scale={1.0} physicalPixelDisplaySizeRatio={1.0}}}}, mRoundedCorners=RoundedCorners{[RoundedCorner{position=TopLeft, radius=0, center=Point(0, 0)}, RoundedCorner{position=TopRight, radius=0, center=Point(0, 0)}, RoundedCorner{position=BottomRight, radius=0, center=Point(0, 0)}, RoundedCorner{position=BottomLeft, radius=0, center=Point(0, 0)}]}  mRoundedCornerFrame=Rect(0, 0 - 1080, 2400), mPrivacyIndicatorBounds=PrivacyIndicatorBounds {static bounds=Rect(948, 0 - 1080, 86) rotation=0}, mDisplayShape=DisplayShape{ spec=-311912193 displayWidth=1080 displayHeight=2400 physicalPixelDisplaySizeRatio=1.0 rotation=0 offsetX=0 offsetY=0 scale=1.0}, mSources= { InsetsSource: {a5de0000 mType=statusBars mFrame=[0,0][1080,86] mVisible=true mFlags=[]}, InsetsSource: {a5de0005 mType=mandatorySystemGestures mFrame=[0,0][1080,122] mVisible=true mFlags=[]}, InsetsSource: {a5de0006 mType=tappableElement mFrame=[0,0][1080,86] mVisible=true mFlags=[]}, InsetsSource: {baf90001 mType=navigationBars mFrame=[0,2256][1080,2400] mVisible=true mFlags=[]}, InsetsSource: {baf90004 mType=systemGestures mFrame=[0,0][0,0] mVisible=true mFlags=[]}, InsetsSource: {baf90005 mType=mandatorySystemGestures mFrame=[0,2256][1080,2400] mVisible=true mFlags=[]}, InsetsSource: {baf90006 mType=tappableElement mFrame=[0,2256][1080,2400] mVisible=true mFlags=[]}, InsetsSource: {baf90024 mType=systemGestures mFrame=[0,0][0,0] mVisible=true mFlags=[]}, InsetsSource: {27 mType=displayCutout mFrame=[0,0][1080,86] mVisible=true mFlags=[]} }
04-04 00:27:02.792  5780  5780 I ViewRootImpl@d497e8c[TermuxActivity]: synced displayState. AttachInfo displayState=2
04-04 00:27:02.792  5780  5780 I ViewRootImpl@d497e8c[TermuxActivity]: setView = com.android.internal.policy.DecorView@ccd17bf TM=true
04-04 00:27:02.793  5780  5780 I WindowManager: WindowManagerGlobal#removeView, ty=2, view=DecorView@2897a6e[TermuxActivity], caller=android.view.WindowManagerGlobal.removeView:628 android.view.WindowManagerImpl.removeViewImmediate:208 android.app.Dialog.dismissDialog:801 
04-04 00:27:02.793  5780  5780 W WindowOnBackDispatcher: sendCancelIfRunning: isInProgress=falsecallback=android.view.ViewRootImpl$$ExternalSyntheticLambda19@7d6cf7a
04-04 00:27:02.795  5780  5780 I ViewRootImpl@6ead50f[TermuxActivity]: dispatchDetachedFromWindow
04-04 00:27:02.820  5780  5780 D InputTransport: Input channel destroyed: '14d65e1', fd=119
04-04 00:27:02.821  5780  6217 D OpenGLRenderer: HWUI - treat SMPTE_170M as sRGB
04-04 00:27:02.835  5780  6249 I ViewRootImpl@d497e8c[TermuxActivity]: Resizing android.view.ViewRootImpl@d55f778: frame = [27,878][1053,1463] reportDraw = true forceLayout = false syncSeqId = -1
04-04 00:27:02.839  5780  5780 I InsetsSourceConsumer: applyRequestedVisibilityToControl: visible=true, type=navigationBars, host=com.termux/com.termux.app.TermuxActivity
04-04 00:27:02.840  5780  5780 I InsetsSourceConsumer: applyRequestedVisibilityToControl: visible=true, type=statusBars, host=com.termux/com.termux.app.TermuxActivity
04-04 00:27:02.841  5780  5780 I BufferQueueProducer: [](id:169400000006,api:0,p:140,c:5780) setDequeueTimeout:2077252342
04-04 00:27:02.841  5780  5780 I BLASTBufferQueue_Java: new BLASTBufferQueue, mName= ViewRootImpl@d497e8c[TermuxActivity] mNativeObject= 0x7c9e06ecf0 sc.mNativeObject= 0x7c5e06df10 caller= android.view.ViewRootImpl.updateBlastSurfaceIfNeeded:3028 android.view.ViewRootImpl.relayoutWindow:10131 android.view.ViewRootImpl.performTraversals:4110 android.view.ViewRootImpl.doTraversal:3288 android.view.ViewRootImpl$TraversalRunnable.run:11344 android.view.Choreographer$CallbackRecord.run:1689 android.view.Choreographer$CallbackRecord.run:1698 android.view.Choreographer.doCallbacks:1153 android.view.Choreographer.doFrame:1079 android.view.Choreographer$FrameDisplayEventReceiver.run:1646 
04-04 00:27:02.841  5780  5780 I BLASTBufferQueue_Java: update, w= 1218 h= 777 mName = ViewRootImpl@d497e8c[TermuxActivity] mNativeObject= 0x7c9e06ecf0 sc.mNativeObject= 0x7c5e06df10 format= -3 caller= android.graphics.BLASTBufferQueue.<init>:89 android.view.ViewRootImpl.updateBlastSurfaceIfNeeded:3028 android.view.ViewRootImpl.relayoutWindow:10131 android.view.ViewRootImpl.performTraversals:4110 android.view.ViewRootImpl.doTraversal:3288 android.view.ViewRootImpl$TraversalRunnable.run:11344 
04-04 00:27:02.842  5780  5780 I ViewRootImpl@d497e8c[TermuxActivity]: Relayout returned: old=(0,86,1080,2256) new=(27,878,1053,1463) relayoutAsync=false req=(1026,585)0 dur=17 res=0x403 s={true 0x7c4e07e110} ch=true seqId=0
04-04 00:27:02.842  5780  5780 I ViewRootImpl@d497e8c[TermuxActivity]: performConfigurationChange setNightDimText nightDimLevel=0
04-04 00:27:02.843  5780  5780 D ViewRootImpl@d497e8c[TermuxActivity]: mThreadedRenderer.initialize() mSurface={isValid=true 0x7c4e07e110} hwInitialized=true
04-04 00:27:02.843  5780  5780 D ScrollView:  onsize change changed 
04-04 00:27:02.844  5780  5780 D ScrollView:  onsize change changed 
04-04 00:27:02.844  5780  5780 D ViewRootImpl@d497e8c[TermuxActivity]: reportNextDraw android.view.ViewRootImpl.performTraversals:4718 android.view.ViewRootImpl.doTraversal:3288 android.view.ViewRootImpl$TraversalRunnable.run:11344 android.view.Choreographer$CallbackRecord.run:1689 android.view.Choreographer$CallbackRecord.run:1698 
04-04 00:27:02.844  5780  5780 I ViewRootImpl@d497e8c[TermuxActivity]: Setup new sync=wmsSync-ViewRootImpl@d497e8c[TermuxActivity]#18
04-04 00:27:02.845  5780  5780 I ViewRootImpl@d497e8c[TermuxActivity]: Creating new active sync group ViewRootImpl@d497e8c[TermuxActivity]#19
04-04 00:27:02.845  5780  5780 I ViewRootImpl@d497e8c[TermuxActivity]: registerCallbacksForSync syncBuffer=false
04-04 00:27:02.846  5780  6234 I ViewRootImpl@d497e8c[TermuxActivity]: Received frameDrawingCallback syncResult=0 frameNum=1.
04-04 00:27:02.847  5780  6234 I ViewRootImpl@d497e8c[TermuxActivity]: mWNT: t=0x7bee0eee30 mBlastBufferQueue=0x7c9e06ecf0 fn= 1 mRenderHdrSdrRatio=1.0 caller= android.view.ViewRootImpl$8.onFrameDraw:13841 android.view.ThreadedRenderer$1.onFrameDraw:792 <bottom of call stack> 
04-04 00:27:02.847  5780  6234 I ViewRootImpl@d497e8c[TermuxActivity]: Setting up sync and frameCommitCallback
04-04 00:27:02.849  5780  6217 I BLASTBufferQueue: [ViewRootImpl@d497e8c[TermuxActivity]#6](f:0,a:0,s:0) onFrameAvailable the first frame is available
04-04 00:27:02.850  5780  6217 I ViewRootImpl@d497e8c[TermuxActivity]: Received frameCommittedCallback lastAttemptedDrawFrameNum=1 didProduceBuffer=true
04-04 00:27:02.851  5780  6217 D OpenGLRenderer: CFMS:: SetUp Pid : 5780    Tid : 6217
04-04 00:27:02.851  5780  5780 I ViewRootImpl@d497e8c[TermuxActivity]: reportDrawFinished seqId=0
04-04 00:27:02.852  5780  5780 I ViewRootImpl@d497e8c[TermuxActivity]: handleResized, msg = 5 frames=ClientWindowFrames{frame=[27,878][1053,1463] display=[0,86][1080,2256] parentFrame=[0,0][0,0]} forceNextWindowRelayout=false displayId=0 dragResizing=false compatScale=1.0 frameChanged=false attachedFrameChanged=false configChanged=false displayChanged=false compatScaleChanged=false
04-04 00:27:02.852  5780  5780 I ViewRootImpl@d497e8c[TermuxActivity]: handleResized mSyncSeqId = 0
04-04 00:27:02.852  5780  5780 D ViewRootImpl@d497e8c[TermuxActivity]: reportNextDraw android.view.ViewRootImpl.handleResized:2530 android.view.ViewRootImpl.-$$Nest$mhandleResized:0 android.view.ViewRootImpl$ViewRootHandler.handleMessageImpl:7197 android.view.ViewRootImpl$ViewRootHandler.handleMessage:7166 android.os.Handler.dispatchMessage:106 
04-04 00:27:02.853  5780  5780 I ViewRootImpl@d497e8c[TermuxActivity]: Setup new sync=wmsSync-ViewRootImpl@d497e8c[TermuxActivity]#20
04-04 00:27:02.853  5780  5780 I ViewRootImpl@d497e8c[TermuxActivity]: Creating new active sync group ViewRootImpl@d497e8c[TermuxActivity]#21
04-04 00:27:02.853  5780  5780 I ViewRootImpl@d497e8c[TermuxActivity]: registerCallbacksForSync syncBuffer=false
04-04 00:27:02.854  5780  6235 I ViewRootImpl@d497e8c[TermuxActivity]: Received frameDrawingCallback syncResult=0 frameNum=2.
04-04 00:27:02.854  5780  6235 I ViewRootImpl@d497e8c[TermuxActivity]: mWNT: t=0x7bee080f90 mBlastBufferQueue=0x7c9e06ecf0 fn= 2 mRenderHdrSdrRatio=1.0 caller= android.view.ViewRootImpl$8.onFrameDraw:13841 android.view.ThreadedRenderer$1.onFrameDraw:792 <bottom of call stack> 
04-04 00:27:02.854  5780  6235 I ViewRootImpl@d497e8c[TermuxActivity]: Setting up sync and frameCommitCallback
04-04 00:27:02.854  5780  6217 I ViewRootImpl@d497e8c[TermuxActivity]: Received frameCommittedCallback lastAttemptedDrawFrameNum=2 didProduceBuffer=false
04-04 00:27:02.854  5780  6217 I BLASTBufferQueue_Java: gatherPendingTransactions, mName= ViewRootImpl@d497e8c[TermuxActivity] mNativeObject= 0x7c9e06ecf0 frameNumber= 2 caller= android.view.ViewRootImpl$8.lambda$onFrameDraw$1:13914 android.view.ViewRootImpl$8.$r8$lambda$6frSHsGsDhUEo8Wl9hChpniTVZ0:0 android.view.ViewRootImpl$8$$ExternalSyntheticLambda1.onFrameCommit:9 android.view.ThreadedRenderer$1.lambda$onFrameDraw$0:804 android.view.ThreadedRenderer$1$$ExternalSyntheticLambda0.onFrameCommit:2 <bottom of call stack> 
04-04 00:27:02.855  5780  5780 I ViewRootImpl@d497e8c[TermuxActivity]: reportDrawFinished seqId=0
04-04 00:27:02.888  5780  5780 I ViewRootImpl@d497e8c[TermuxActivity]: handleWindowFocusChanged: 1 0 call from android.view.ViewRootImpl.-$$Nest$mhandleWindowFocusChanged:0
04-04 00:27:02.888  5780  5780 D ViewRootImpl@d497e8c[TermuxActivity]: mThreadedRenderer.initializeIfNeeded()#2 mSurface={isValid=true 0x7c4e07e110}
04-04 00:27:02.888  5780  5780 I ImeFocusController: onPreWindowFocus: skipped, hasWindowFocus=true mHasImeFocus=false
04-04 00:27:02.888  5780  5780 I ImeFocusController: onPostWindowFocus: skipped, hasWindowFocus=true mHasImeFocus=false
04-04 00:27:05.804  5780  5780 I DecorView: setWindowBackground: isPopOver=false color=fffafafa d=android.graphics.drawable.ColorDrawable@c1f14a
04-04 00:27:05.872  5780  6217 D NativeCustomFrequencyManager: [NativeCFMS] BpCustomFrequencyManager::BpCustomFrequencyManager()
04-04 00:27:05.877  5780  5780 I InsetsController: onStateChanged: host=com.termux/com.termux.shared.activities.ReportActivity, from=android.view.ViewRootImpl.setView:1753, state=InsetsState: {mDisplayFrame=Rect(0, 0 - 1080, 2400), mDisplayCutout=DisplayCutout{insets=Rect(0, 86 - 0, 0) waterfall=Insets{left=0, top=0, right=0, bottom=0} boundingRect={Bounds=[Rect(0, 0 - 0, 0), Rect(514, 0 - 566, 86), Rect(0, 0 - 0, 0), Rect(0, 0 - 0, 0)]} cutoutPathParserInfo={CutoutPathParserInfo{displayWidth=1080 displayHeight=2400 physicalDisplayWidth=1080 physicalDisplayHeight=2400 density={2.8125} cutoutSpec={M 0,0 M 0,12.08888888888889 a 9.244444444444444,9.244444444444444 0 1,0 0,18.48888888888889 a 9.244444444444444,9.244444444444444 0 1,0 0,-18.48888888888889 Z @dp} rotation={0} scale={1.0} physicalPixelDisplaySizeRatio={1.0}}}}, mRoundedCorners=RoundedCorners{[RoundedCorner{position=TopLeft, radius=0, center=Point(0, 0)}, RoundedCorner{position=TopRight, radius=0, center=Point(0, 0)}, RoundedCorner{position=BottomRight, radius=0, center=Point(0, 0)}, RoundedCorner{position=BottomLeft, radius=0, center=Point(0, 0)}]}  mRoundedCornerFrame=Rect(0, 0 - 1080, 2400), mPrivacyIndicatorBounds=PrivacyIndicatorBounds {static bounds=Rect(948, 0 - 1080, 86) rotation=0}, mDisplayShape=DisplayShape{ spec=-311912193 displayWidth=1080 displayHeight=2400 physicalPixelDisplaySizeRatio=1.0 rotation=0 offsetX=0 offsetY=0 scale=1.0}, mSources= { InsetsSource: {a5de0000 mType=statusBars mFrame=[0,0][1080,86] mVisible=true mFlags=[]}, InsetsSource: {a5de0005 mType=mandatorySystemGestures mFrame=[0,0][1080,122] mVisible=true mFlags=[]}, InsetsSource: {a5de0006 mType=tappableElement mFrame=[0,0][1080,86] mVisible=true mFlags=[]}, InsetsSource: {baf90001 mType=navigationBars mFrame=[0,2256][1080,2400] mVisible=true mFlags=[]}, InsetsSource: {baf90004 mType=systemGestures mFrame=[0,0][0,0] mVisible=true mFlags=[]}, InsetsSource: {baf90005 mType=mandatorySystemGestures mFrame=[0,2256][1080,2400] mVisible=true mFlags=[]}, InsetsSource: {baf90006 mType=tappableElement mFrame=[0,2256][1080,2400] mVisible=true mFlags=[]}, InsetsSource: {baf90024 mType=systemGestures mFrame=[0,0][0,0] mVisible=true mFlags=[]}, InsetsSource: {3 mType=ime mFrame=[0,0][0,0] mVisible=false mFlags=[]}, InsetsSource: {27 mType=displayCutout mFrame=[0,0][1080,86] mVisible=true mFlags=[]} }
04-04 00:27:05.877  5780  5780 I ViewRootImpl@ea1eae[ReportActivity]: synced displayState. AttachInfo displayState=2
04-04 00:27:05.877  5780  5780 I ViewRootImpl@ea1eae[ReportActivity]: setView = com.android.internal.policy.DecorView@609a0e5 TM=true
04-04 00:27:05.878  5780  5780 I InsetsSourceConsumer: applyRequestedVisibilityToControl: visible=true, type=navigationBars, host=com.termux/com.termux.app.TermuxActivity
04-04 00:27:05.878  5780  5780 I InsetsSourceConsumer: applyRequestedVisibilityToControl: visible=true, type=statusBars, host=com.termux/com.termux.app.TermuxActivity
04-04 00:27:05.879  5780  6217 D OpenGLRenderer: HWUI - treat SMPTE_170M as sRGB
04-04 00:27:05.942  5780  5780 I BufferQueueProducer: [](id:169400000007,api:0,p:0,c:5780) setDequeueTimeout:2077252342
04-04 00:27:05.942  5780  5780 I BLASTBufferQueue_Java: new BLASTBufferQueue, mName= ViewRootImpl@ea1eae[ReportActivity] mNativeObject= 0x7c9e088650 sc.mNativeObject= 0x7c5e069dd0 caller= android.view.ViewRootImpl.updateBlastSurfaceIfNeeded:3028 android.view.ViewRootImpl.relayoutWindow:10131 android.view.ViewRootImpl.performTraversals:4110 android.view.ViewRootImpl.doTraversal:3288 android.view.ViewRootImpl$TraversalRunnable.run:11344 android.view.Choreographer$CallbackRecord.run:1689 android.view.Choreographer$CallbackRecord.run:1698 android.view.Choreographer.doCallbacks:1153 android.view.Choreographer.doFrame:1079 android.view.Choreographer$FrameDisplayEventReceiver.run:1646 
04-04 00:27:05.943  5780  5780 I BLASTBufferQueue_Java: update, w= 1080 h= 2400 mName = ViewRootImpl@ea1eae[ReportActivity] mNativeObject= 0x7c9e088650 sc.mNativeObject= 0x7c5e069dd0 format= -1 caller= android.graphics.BLASTBufferQueue.<init>:89 android.view.ViewRootImpl.updateBlastSurfaceIfNeeded:3028 android.view.ViewRootImpl.relayoutWindow:10131 android.view.ViewRootImpl.performTraversals:4110 android.view.ViewRootImpl.doTraversal:3288 android.view.ViewRootImpl$TraversalRunnable.run:11344 
04-04 00:27:05.943  5780  5780 I ViewRootImpl@ea1eae[ReportActivity]: Relayout returned: old=(0,0,1080,2400) new=(0,0,1080,2400) relayoutAsync=false req=(1080,2400)0 dur=31 res=0x403 s={true 0x7c4e0b1290} ch=true seqId=0
04-04 00:27:05.944  5780  5780 I ViewRootImpl@ea1eae[ReportActivity]: performConfigurationChange setNightDimText nightDimLevel=0
04-04 00:27:05.944  5780  5780 D ViewRootImpl@ea1eae[ReportActivity]: mThreadedRenderer.initialize() mSurface={isValid=true 0x7c4e0b1290} hwInitialized=true
04-04 00:27:05.953  5780  5780 D ViewRootImpl@ea1eae[ReportActivity]: reportNextDraw android.view.ViewRootImpl.performTraversals:4718 android.view.ViewRootImpl.doTraversal:3288 android.view.ViewRootImpl$TraversalRunnable.run:11344 android.view.Choreographer$CallbackRecord.run:1689 android.view.Choreographer$CallbackRecord.run:1698 
04-04 00:27:05.953  5780  5780 I ViewRootImpl@ea1eae[ReportActivity]: Setup new sync=wmsSync-ViewRootImpl@ea1eae[ReportActivity]#22
04-04 00:27:05.953  5780  5780 I ViewRootImpl@ea1eae[ReportActivity]: Creating new active sync group ViewRootImpl@ea1eae[ReportActivity]#23
04-04 00:27:05.954  5780  5780 I ViewRootImpl@ea1eae[ReportActivity]: registerCallbacksForSync syncBuffer=false
04-04 00:27:05.957  5780  6234 I ViewRootImpl@ea1eae[ReportActivity]: Received frameDrawingCallback syncResult=0 frameNum=1.
04-04 00:27:05.958  5780  6234 I ViewRootImpl@ea1eae[ReportActivity]: mWNT: t=0x7bee11e530 mBlastBufferQueue=0x7c9e088650 fn= 1 mRenderHdrSdrRatio=1.0 caller= android.view.ViewRootImpl$8.onFrameDraw:13841 android.view.ThreadedRenderer$1.onFrameDraw:792 <bottom of call stack> 
04-04 00:27:05.958  5780  6234 I ViewRootImpl@ea1eae[ReportActivity]: Setting up sync and frameCommitCallback
04-04 00:27:05.971  5780  6217 I BLASTBufferQueue: [ViewRootImpl@ea1eae[ReportActivity]#7](f:0,a:0,s:0) onFrameAvailable the first frame is available
04-04 00:27:05.972  5780  6217 I ViewRootImpl@ea1eae[ReportActivity]: Received frameCommittedCallback lastAttemptedDrawFrameNum=1 didProduceBuffer=true
04-04 00:27:05.974  5780  6217 D OpenGLRenderer: CFMS:: SetUp Pid : 5780    Tid : 6217
04-04 00:27:05.975  5780  5780 I ViewRootImpl@ea1eae[ReportActivity]: reportDrawFinished seqId=0
04-04 00:27:05.976  5780  5780 I ViewRootImpl@d497e8c[TermuxActivity]: handleWindowFocusChanged: 0 0 call from android.view.ViewRootImpl.-$$Nest$mhandleWindowFocusChanged:0
04-04 00:27:05.976  5780  5780 I ImeFocusController: onPreWindowFocus: skipped, hasWindowFocus=false mHasImeFocus=false
04-04 00:27:05.976  5780  5780 I ImeFocusController: onPostWindowFocus: skipped, hasWindowFocus=false mHasImeFocus=false
04-04 00:27:06.014  5780  5780 I InsetsSourceConsumer: applyRequestedVisibilityToControl: visible=true, type=navigationBars, host=com.termux/com.termux.shared.activities.ReportActivity
04-04 00:27:06.015  5780  5780 I InsetsSourceConsumer: applyRequestedVisibilityToControl: visible=true, type=statusBars, host=com.termux/com.termux.shared.activities.ReportActivity
04-04 00:27:06.020  5780  5780 I ViewRootImpl@ea1eae[ReportActivity]: handleWindowFocusChanged: 1 0 call from android.view.ViewRootImpl.-$$Nest$mhandleWindowFocusChanged:0
04-04 00:27:06.020  5780  5780 D ViewRootImpl@ea1eae[ReportActivity]: mThreadedRenderer.initializeIfNeeded()#2 mSurface={isValid=true 0x7c4e0b1290}
04-04 00:27:06.020  5780  5780 D InputMethodManagerUtils: startInputInner - Id : 0
04-04 00:27:06.021  5780  5780 I InputMethodManager: startInputInner - IInputMethodManagerGlobalInvoker.startInputOrWindowGainedFocus
04-04 00:27:06.049  5780  5780 I InsetsSourceConsumer: applyRequestedVisibilityToControl: visible=false, type=ime, host=com.termux/com.termux.shared.activities.ReportActivity
04-04 00:27:06.268  5780  5780 I ViewRootImpl@d497e8c[TermuxActivity]: handleAppVisibility mAppVisible = true visible = false
04-04 00:27:06.269  5780  5780 I ViewRootImpl@2d6e682[TermuxActivity]: handleAppVisibility mAppVisible = true visible = false
04-04 00:27:06.272  5780  5780 I ViewRootImpl@d497e8c[TermuxActivity]: destroyHardwareResources: Callers=android.view.ViewRootImpl.performTraversals:3932 android.view.ViewRootImpl.doTraversal:3288 android.view.ViewRootImpl$TraversalRunnable.run:11344 android.view.Choreographer$CallbackRecord.run:1689 android.view.Choreographer$CallbackRecord.run:1698 android.view.Choreographer.doCallbacks:1153 android.view.Choreographer.doFrame:1079 android.view.Choreographer$FrameDisplayEventReceiver.run:1646 android.os.Handler.handleCallback:958 android.os.Handler.dispatchMessage:99 
04-04 00:27:06.287  5780  5780 I ViewRootImpl@d497e8c[TermuxActivity]: Relayout returned: old=(27,878,1053,1463) new=(27,878,1053,1463) relayoutAsync=false req=(1026,585)8 dur=12 res=0x402 s={false 0x0} ch=true seqId=0
04-04 00:27:06.288  5780  5780 I ViewRootImpl@2d6e682[TermuxActivity]: destroyHardwareResources: Callers=android.view.ViewRootImpl.performTraversals:3932 android.view.ViewRootImpl.doTraversal:3288 android.view.ViewRootImpl$TraversalRunnable.run:11344 android.view.Choreographer$CallbackRecord.run:1689 android.view.Choreographer$CallbackRecord.run:1698 android.view.Choreographer.doCallbacks:1153 android.view.Choreographer.doFrame:1079 android.view.Choreographer$FrameDisplayEventReceiver.run:1646 android.os.Handler.handleCallback:958 android.os.Handler.dispatchMessage:99 
04-04 00:27:06.299  5780  5780 I ViewRootImpl@2d6e682[TermuxActivity]: Relayout returned: old=(0,0,1080,2400) new=(0,0,1080,2400) relayoutAsync=false req=(1080,2400)8 dur=6 res=0x402 s={false 0x0} ch=true seqId=0
04-04 00:27:06.299  5780  5780 I ViewRootImpl@d497e8c[TermuxActivity]: stopped(true) old = false
04-04 00:27:06.299  5780  5780 D ViewRootImpl@d497e8c[TermuxActivity]: WindowStopped on com.termux/com.termux.app.TermuxActivity set to true
04-04 00:27:06.300  5780  5780 I ViewRootImpl@2d6e682[TermuxActivity]: stopped(true) old = false
04-04 00:27:06.300  5780  5780 D ViewRootImpl@2d6e682[TermuxActivity]: WindowStopped on com.termux/com.termux.app.TermuxActivity set to true
04-04 00:27:08.587  5780  5780 I ViewRootImpl@ea1eae[ReportActivity]: ViewPostIme pointer 0
04-04 00:27:08.817  5780  5780 I ViewRootImpl@ea1eae[ReportActivity]: ViewPostIme pointer 1
04-04 00:27:09.566  5780  5780 I ViewRootImpl@ea1eae[ReportActivity]: ViewPostIme pointer 0
04-04 00:27:09.698  5780  5780 I ViewRootImpl@ea1eae[ReportActivity]: ViewPostIme pointer 1
04-04 00:27:10.649  5780  5780 I ViewRootImpl@ea1eae[ReportActivity]: ViewPostIme pointer 0
04-04 00:27:10.761  5780  5780 I ViewRootImpl@ea1eae[ReportActivity]: ViewPostIme pointer 1
04-04 00:27:10.799  5780  5780 I WindowManager: WindowManagerGlobal#addView, ty=1002, view=android.widget.PopupWindow$PopupDecorView{4c436a9 V.E...... R.....I. 0,0-0,0}, caller=android.view.WindowManagerImpl.addView:150 android.widget.PopupWindow.invokePopup:1717 android.widget.PopupWindow.showAsDropDown:1498 
04-04 00:27:10.801  5780  6217 D NativeCustomFrequencyManager: [NativeCFMS] BpCustomFrequencyManager::BpCustomFrequencyManager()
04-04 00:27:10.812  5780  5780 I InsetsController: onStateChanged: host=PopupWindow:a2f5a30, from=android.view.ViewRootImpl.setView:1753, state=InsetsState: {mDisplayFrame=Rect(0, 0 - 1080, 2400), mDisplayCutout=DisplayCutout{insets=Rect(0, 86 - 0, 0) waterfall=Insets{left=0, top=0, right=0, bottom=0} boundingRect={Bounds=[Rect(0, 0 - 0, 0), Rect(514, 0 - 566, 86), Rect(0, 0 - 0, 0), Rect(0, 0 - 0, 0)]} cutoutPathParserInfo={CutoutPathParserInfo{displayWidth=1080 displayHeight=2400 physicalDisplayWidth=1080 physicalDisplayHeight=2400 density={2.8125} cutoutSpec={M 0,0 M 0,12.08888888888889 a 9.244444444444444,9.244444444444444 0 1,0 0,18.48888888888889 a 9.244444444444444,9.244444444444444 0 1,0 0,-18.48888888888889 Z @dp} rotation={0} scale={1.0} physicalPixelDisplaySizeRatio={1.0}}}}, mRoundedCorners=RoundedCorners{[RoundedCorner{position=TopLeft, radius=0, center=Point(0, 0)}, RoundedCorner{position=TopRight, radius=0, center=Point(0, 0)}, RoundedCorner{position=BottomRight, radius=0, center=Point(0, 0)}, RoundedCorner{position=BottomLeft, radius=0, center=Point(0, 0)}]}  mRoundedCornerFrame=Rect(0, 0 - 1080, 2400), mPrivacyIndicatorBounds=PrivacyIndicatorBounds {static bounds=Rect(948, 0 - 1080, 86) rotation=0}, mDisplayShape=DisplayShape{ spec=-311912193 displayWidth=1080 displayHeight=2400 physicalPixelDisplaySizeRatio=1.0 rotation=0 offsetX=0 offsetY=0 scale=1.0}, mSources= { InsetsSource: {a5de0000 mType=statusBars mFrame=[0,0][1080,86] mVisible=true mFlags=[]}, InsetsSource: {a5de0005 mType=mandatorySystemGestures mFrame=[0,0][1080,122] mVisible=true mFlags=[]}, InsetsSource: {a5de0006 mType=tappableElement mFrame=[0,0][1080,86] mVisible=true mFlags=[]}, InsetsSource: {baf90001 mType=navigationBars mFrame=[0,2256][1080,2400] mVisible=true mFlags=[]}, InsetsSource: {baf90004 mType=systemGestures mFrame=[0,0][0,0] mVisible=true mFlags=[]}, InsetsSource: {baf90005 mType=mandatorySystemGestures mFrame=[0,2256][1080,2400] mVisible=true mFlags=[]}, InsetsSource: {baf90006 mType=tappableElement mFrame=[0,2256][1080,2400] mVisible=true mFlags=[]}, InsetsSource: {baf90024 mType=systemGestures mFrame=[0,0][0,0] mVisible=true mFlags=[]}, InsetsSource: {27 mType=displayCutout mFrame=[0,0][1080,86] mVisible=true mFlags=[]} }
04-04 00:27:10.813  5780  5780 I ViewRootImpl@fe8f42e[PopupWindow:a2f5a30]: synced displayState. AttachInfo displayState=2
04-04 00:27:10.813  5780  5780 I ViewRootImpl@fe8f42e[PopupWindow:a2f5a30]: setView = android.widget.PopupWindow$PopupDecorView@4c436a9 TM=true
04-04 00:27:10.826  5780  6284 I ViewRootImpl@fe8f42e[PopupWindow:a2f5a30]: Resizing android.view.ViewRootImpl@ceb11e1: frame = [480,98][1068,530] reportDraw = true forceLayout = false syncSeqId = -1
04-04 00:27:10.830  5780  5780 I InsetsSourceConsumer: applyRequestedVisibilityToControl: visible=true, type=navigationBars, host=PopupWindow:a2f5a30
04-04 00:27:10.831  5780  5780 I InsetsSourceConsumer: applyRequestedVisibilityToControl: visible=true, type=statusBars, host=PopupWindow:a2f5a30
04-04 00:27:10.832  5780  5780 I BufferQueueProducer: [](id:169400000008,api:0,p:0,c:5780) setDequeueTimeout:2077252342
04-04 00:27:10.832  5780  5780 I BLASTBufferQueue_Java: new BLASTBufferQueue, mName= ViewRootImpl@fe8f42e[PopupWindow:a2f5a30] mNativeObject= 0x7c9e06be10 sc.mNativeObject= 0x7c5e0724d0 caller= android.view.ViewRootImpl.updateBlastSurfaceIfNeeded:3028 android.view.ViewRootImpl.relayoutWindow:10131 android.view.ViewRootImpl.performTraversals:4110 android.view.ViewRootImpl.doTraversal:3288 android.view.ViewRootImpl$TraversalRunnable.run:11344 android.view.Choreographer$CallbackRecord.run:1689 android.view.Choreographer$CallbackRecord.run:1698 android.view.Choreographer.doCallbacks:1153 android.view.Choreographer.doFrame:1079 android.view.Choreographer$FrameDisplayEventReceiver.run:1646 
04-04 00:27:10.832  5780  5780 I BLASTBufferQueue_Java: update, w= 780 h= 624 mName = ViewRootImpl@fe8f42e[PopupWindow:a2f5a30] mNativeObject= 0x7c9e06be10 sc.mNativeObject= 0x7c5e0724d0 format= -3 caller= android.graphics.BLASTBufferQueue.<init>:89 android.view.ViewRootImpl.updateBlastSurfaceIfNeeded:3028 android.view.ViewRootImpl.relayoutWindow:10131 android.view.ViewRootImpl.performTraversals:4110 android.view.ViewRootImpl.doTraversal:3288 android.view.ViewRootImpl$TraversalRunnable.run:11344 
04-04 00:27:10.833  5780  5780 I ViewRootImpl@fe8f42e[PopupWindow:a2f5a30]: Relayout returned: old=(480,98,1068,98) new=(480,98,1068,530) relayoutAsync=false req=(588,432)0 dur=12 res=0x403 s={true 0x7c4e0b9ad0} ch=true seqId=0
04-04 00:27:10.834  5780  5780 I ViewRootImpl@fe8f42e[PopupWindow:a2f5a30]: performConfigurationChange setNightDimText nightDimLevel=0
04-04 00:27:10.834  5780  5780 D ViewRootImpl@fe8f42e[PopupWindow:a2f5a30]: mThreadedRenderer.initialize() mSurface={isValid=true 0x7c4e0b9ad0} hwInitialized=true
04-04 00:27:10.845  5780  5780 D AbsListView:  in onLayout changed 
04-04 00:27:10.846  5780  5780 D ViewRootImpl@fe8f42e[PopupWindow:a2f5a30]: reportNextDraw android.view.ViewRootImpl.performTraversals:4718 android.view.ViewRootImpl.doTraversal:3288 android.view.ViewRootImpl$TraversalRunnable.run:11344 android.view.Choreographer$CallbackRecord.run:1689 android.view.Choreographer$CallbackRecord.run:1698 
04-04 00:27:10.847  5780  5780 D AnimatorSet: mReversing is false. Don't call initChildren.
04-04 00:27:10.848  5780  5780 I ViewRootImpl@fe8f42e[PopupWindow:a2f5a30]: Setup new sync=wmsSync-ViewRootImpl@fe8f42e[PopupWindow:a2f5a30]#24
04-04 00:27:10.848  5780  5780 I ViewRootImpl@fe8f42e[PopupWindow:a2f5a30]: Creating new active sync group ViewRootImpl@fe8f42e[PopupWindow:a2f5a30]#25
04-04 00:27:10.848  5780  5780 I ViewRootImpl@fe8f42e[PopupWindow:a2f5a30]: registerCallbacksForSync syncBuffer=false
04-04 00:27:10.850  5780  6235 I ViewRootImpl@fe8f42e[PopupWindow:a2f5a30]: Received frameDrawingCallback syncResult=0 frameNum=1.
04-04 00:27:10.850  5780  6235 I ViewRootImpl@fe8f42e[PopupWindow:a2f5a30]: mWNT: t=0x7bee11f190 mBlastBufferQueue=0x7c9e06be10 fn= 1 mRenderHdrSdrRatio=1.0 caller= android.view.ViewRootImpl$8.onFrameDraw:13841 android.view.ThreadedRenderer$1.onFrameDraw:792 <bottom of call stack> 
04-04 00:27:10.850  5780  6235 I ViewRootImpl@fe8f42e[PopupWindow:a2f5a30]: Setting up sync and frameCommitCallback
04-04 00:27:10.860  5780  6217 I BLASTBufferQueue: [ViewRootImpl@fe8f42e[PopupWindow:a2f5a30]#8](f:0,a:0,s:0) onFrameAvailable the first frame is available
04-04 00:27:10.860  5780  6217 I ViewRootImpl@fe8f42e[PopupWindow:a2f5a30]: Received frameCommittedCallback lastAttemptedDrawFrameNum=1 didProduceBuffer=true
04-04 00:27:10.861  5780  6217 D OpenGLRenderer: CFMS:: SetUp Pid : 5780    Tid : 6217
04-04 00:27:10.861  5780  5780 I ViewRootImpl@fe8f42e[PopupWindow:a2f5a30]: reportDrawFinished seqId=0
04-04 00:27:10.863  5780  6217 D OpenGLRenderer: HWUI - treat SMPTE_170M as sRGB
04-04 00:27:10.864  5780  5780 I ViewRootImpl@fe8f42e[PopupWindow:a2f5a30]: handleResized, msg = 5 frames=ClientWindowFrames{frame=[480,98][1068,530] display=[-100000,-100000][100000,100000] parentFrame=[0,0][0,0] attachedFrame=[0,0][1080,2400]} forceNextWindowRelayout=false displayId=0 dragResizing=false compatScale=1.0 frameChanged=false attachedFrameChanged=false configChanged=false displayChanged=false compatScaleChanged=false
04-04 00:27:10.864  5780  5780 I ViewRootImpl@fe8f42e[PopupWindow:a2f5a30]: handleResized mSyncSeqId = 0
04-04 00:27:10.864  5780  5780 D ViewRootImpl@fe8f42e[PopupWindow:a2f5a30]: reportNextDraw android.view.ViewRootImpl.handleResized:2530 android.view.ViewRootImpl.-$$Nest$mhandleResized:0 android.view.ViewRootImpl$ViewRootHandler.handleMessageImpl:7197 android.view.ViewRootImpl$ViewRootHandler.handleMessage:7166 android.os.Handler.dispatchMessage:106 
04-04 00:27:10.864  5780  5780 I ViewRootImpl@ea1eae[ReportActivity]: handleWindowFocusChanged: 0 0 call from android.view.ViewRootImpl.-$$Nest$mhandleWindowFocusChanged:0
04-04 00:27:10.864  5780  5780 I ImeFocusController: onPreWindowFocus: skipped, hasWindowFocus=false mHasImeFocus=true
04-04 00:27:10.864  5780  5780 I ImeFocusController: onPostWindowFocus: skipped, hasWindowFocus=false mHasImeFocus=true
04-04 00:27:10.876  5780  5780 I ViewRootImpl@fe8f42e[PopupWindow:a2f5a30]: Setup new sync=wmsSync-ViewRootImpl@fe8f42e[PopupWindow:a2f5a30]#26
04-04 00:27:10.876  5780  5780 I ViewRootImpl@fe8f42e[PopupWindow:a2f5a30]: Creating new active sync group ViewRootImpl@fe8f42e[PopupWindow:a2f5a30]#27
04-04 00:27:10.876  5780  5780 I ViewRootImpl@fe8f42e[PopupWindow:a2f5a30]: registerCallbacksForSync syncBuffer=false
04-04 00:27:10.876  5780  6234 I ViewRootImpl@fe8f42e[PopupWindow:a2f5a30]: Received frameDrawingCallback syncResult=0 frameNum=2.
04-04 00:27:10.876  5780  6234 I ViewRootImpl@fe8f42e[PopupWindow:a2f5a30]: mWNT: t=0x7bee11f9d0 mBlastBufferQueue=0x7c9e06be10 fn= 2 mRenderHdrSdrRatio=1.0 caller= android.view.ViewRootImpl$8.onFrameDraw:13841 android.view.ThreadedRenderer$1.onFrameDraw:792 <bottom of call stack> 
04-04 00:27:10.876  5780  6234 I ViewRootImpl@fe8f42e[PopupWindow:a2f5a30]: Setting up sync and frameCommitCallback
04-04 00:27:10.889  5780  6217 I ViewRootImpl@fe8f42e[PopupWindow:a2f5a30]: Received frameCommittedCallback lastAttemptedDrawFrameNum=2 didProduceBuffer=true
04-04 00:27:10.889  5780  5780 I ViewRootImpl@fe8f42e[PopupWindow:a2f5a30]: reportDrawFinished seqId=0
04-04 00:27:10.893  5780  5780 I ViewRootImpl@fe8f42e[PopupWindow:a2f5a30]: handleWindowFocusChanged: 1 0 call from android.view.ViewRootImpl.-$$Nest$mhandleWindowFocusChanged:0
04-04 00:27:10.893  5780  5780 D ViewRootImpl@fe8f42e[PopupWindow:a2f5a30]: mThreadedRenderer.initializeIfNeeded()#2 mSurface={isValid=true 0x7c4e0b9ad0}
04-04 00:27:10.893  5780  5780 I ImeFocusController: onPreWindowFocus: skipped, hasWindowFocus=true mHasImeFocus=false
04-04 00:27:10.893  5780  5780 I ImeFocusController: onPostWindowFocus: skipped, hasWindowFocus=true mHasImeFocus=false
04-04 00:27:13.948  5780  5780 I ViewRootImpl@fe8f42e[PopupWindow:a2f5a30]: ViewPostIme pointer 0
04-04 00:27:13.955  5780  5780 I BLASTBufferQueue_Java: update, w= 780 h= 624 mName = ViewRootImpl@fe8f42e[PopupWindow:a2f5a30] mNativeObject= 0x7c9e06be10 sc.mNativeObject= 0x7c5e0724d0 format= -3 caller= android.view.ViewRootImpl.updateBlastSurfaceIfNeeded:3017 android.view.ViewRootImpl.relayoutWindow:10131 android.view.ViewRootImpl.performTraversals:4110 android.view.ViewRootImpl.doTraversal:3288 android.view.ViewRootImpl$TraversalRunnable.run:11344 android.view.Choreographer$CallbackRecord.run:1689 
04-04 00:27:13.955  5780  5780 I ViewRootImpl@fe8f42e[PopupWindow:a2f5a30]: Relayout returned: old=(480,98,1068,530) new=(480,98,1068,530) relayoutAsync=true req=(588,432)0 dur=1 res=0x0 s={true 0x7c4e0b9ad0} ch=false seqId=0
04-04 00:27:13.956  5780  5780 I ViewRootImpl@fe8f42e[PopupWindow:a2f5a30]: registerCallbackForPendingTransactions
04-04 00:27:13.957  5780  6235 I ViewRootImpl@fe8f42e[PopupWindow:a2f5a30]: mWNT: t=0x7bee121290 mBlastBufferQueue=0x7c9e06be10 fn= 24 mRenderHdrSdrRatio=1.0 caller= android.view.ViewRootImpl$6.onFrameDraw:5635 android.view.ViewRootImpl$2.onFrameDraw:2146 android.view.ThreadedRenderer$1.onFrameDraw:792 
04-04 00:27:13.978  5780  5780 I InsetsSourceConsumer: applyRequestedVisibilityToControl: visible=true, type=navigationBars, host=com.termux/com.termux.shared.activities.ReportActivity
04-04 00:27:13.978  5780  5780 I InsetsSourceConsumer: applyRequestedVisibilityToControl: visible=true, type=statusBars, host=com.termux/com.termux.shared.activities.ReportActivity
04-04 00:27:13.990  5780  5780 I ViewRootImpl@fe8f42e[PopupWindow:a2f5a30]: handleWindowFocusChanged: 0 0 call from android.view.ViewRootImpl.-$$Nest$mhandleWindowFocusChanged:0
04-04 00:27:13.990  5780  5780 I ImeFocusController: onPreWindowFocus: skipped, hasWindowFocus=false mHasImeFocus=false
04-04 00:27:13.990  5780  5780 I ImeFocusController: onPostWindowFocus: skipped, hasWindowFocus=false mHasImeFocus=false
04-04 00:27:13.990  5780  5780 I ViewRootImpl@ea1eae[ReportActivity]: handleWindowFocusChanged: 1 0 call from android.view.ViewRootImpl.-$$Nest$mhandleWindowFocusChanged:0
04-04 00:27:13.990  5780  5780 D ViewRootImpl@ea1eae[ReportActivity]: mThreadedRenderer.initializeIfNeeded()#2 mSurface={isValid=true 0x7c4e0b1290}
04-04 00:27:13.990  5780  5780 D InputMethodManagerUtils: startInputInner - Id : 0
04-04 00:27:13.990  5780  5780 I InputMethodManager: startInputInner - IInputMethodManagerGlobalInvoker.startInputOrWindowGainedFocus
04-04 00:27:14.088  5780  5780 I ViewRootImpl@fe8f42e[PopupWindow:a2f5a30]: ViewPostIme pointer 1
04-04 00:27:14.267  5780  5780 I WindowManager: WindowManagerGlobal#removeView, ty=1002, view=android.widget.PopupWindow$PopupDecorView{4c436a9 V.E...... R.....ID 0,0-588,432}, caller=android.view.WindowManagerGlobal.removeView:628 android.view.WindowManagerImpl.removeViewImmediate:208 android.widget.PopupWindow.dismissImmediate:2410 
04-04 00:27:14.267  5780  5780 W WindowOnBackDispatcher: sendCancelIfRunning: isInProgress=falsecallback=android.view.ViewRootImpl$$ExternalSyntheticLambda19@8383f48
04-04 00:27:14.269  5780  5780 I ViewRootImpl@fe8f42e[PopupWindow:a2f5a30]: dispatchDetachedFromWindow
04-04 00:27:14.275  5780  5780 D InputTransport: Input channel destroyed: '881d480', fd=116
04-04 00:27:15.173  5780  5780 I ViewRootImpl@ea1eae[ReportActivity]: ViewPostIme pointer 0
04-04 00:27:15.415  5780  5780 I ViewRootImpl@ea1eae[ReportActivity]: ViewPostIme pointer 1
04-04 00:27:16.169  5780  5780 I ViewRootImpl@ea1eae[ReportActivity]: ViewPostIme pointer 0
04-04 00:27:16.324  5780  5780 I ViewRootImpl@ea1eae[ReportActivity]: ViewPostIme pointer 1
04-04 00:27:16.705  5780  5785 D InputTransport: Input channel destroyed: 'ClientS', fd=126
04-04 00:27:17.287  5780  5780 I ViewRootImpl@ea1eae[ReportActivity]: ViewPostIme pointer 0
04-04 00:27:18.174  5780  5780 I ViewRootImpl@ea1eae[ReportActivity]: ViewPostIme pointer 1
04-04 00:27:19.183  5780  5780 I ViewRootImpl@ea1eae[ReportActivity]: ViewPostIme pointer 0
04-04 00:27:19.597  5780  5780 I ViewRootImpl@ea1eae[ReportActivity]: ViewPostIme pointer 1
04-04 00:27:19.903  5780  5780 I ViewRootImpl@ea1eae[ReportActivity]: ViewPostIme pointer 0
04-04 00:27:20.007  5780  5780 I ViewRootImpl@ea1eae[ReportActivity]: ViewPostIme pointer 1
04-04 00:27:20.253  5780  5780 I ViewRootImpl@ea1eae[ReportActivity]: ViewPostIme pointer 0
04-04 00:27:20.336  5780  5780 I ViewRootImpl@ea1eae[ReportActivity]: ViewPostIme pointer 1
04-04 00:27:20.565  5780  5780 I ViewRootImpl@ea1eae[ReportActivity]: ViewPostIme pointer 0
04-04 00:27:20.638  5780  5780 I ViewRootImpl@ea1eae[ReportActivity]: ViewPostIme pointer 1
04-04 00:27:20.862  5780  5780 I ViewRootImpl@ea1eae[ReportActivity]: ViewPostIme pointer 0
04-04 00:27:20.967  5780  5780 I ViewRootImpl@ea1eae[ReportActivity]: ViewPostIme pointer 1
04-04 00:27:22.083  5780  5780 I ViewRootImpl@ea1eae[ReportActivity]: ViewPostIme pointer 0
04-04 00:27:22.171  5780  5780 I ViewRootImpl@ea1eae[ReportActivity]: ViewPostIme pointer 1
04-04 00:27:22.197  5780  5780 I WindowManager: WindowManagerGlobal#addView, ty=1002, view=android.widget.PopupWindow$PopupDecorView{66eb684 V.E...... R.....I. 0,0-0,0}, caller=android.view.WindowManagerImpl.addView:150 android.widget.PopupWindow.invokePopup:1717 android.widget.PopupWindow.showAsDropDown:1498 
04-04 00:27:22.200  5780  6217 D NativeCustomFrequencyManager: [NativeCFMS] BpCustomFrequencyManager::BpCustomFrequencyManager()
04-04 00:27:22.212  5780  5780 I InsetsController: onStateChanged: host=PopupWindow:514d497, from=android.view.ViewRootImpl.setView:1753, state=InsetsState: {mDisplayFrame=Rect(0, 0 - 1080, 2400), mDisplayCutout=DisplayCutout{insets=Rect(0, 86 - 0, 0) waterfall=Insets{left=0, top=0, right=0, bottom=0} boundingRect={Bounds=[Rect(0, 0 - 0, 0), Rect(514, 0 - 566, 86), Rect(0, 0 - 0, 0), Rect(0, 0 - 0, 0)]} cutoutPathParserInfo={CutoutPathParserInfo{displayWidth=1080 displayHeight=2400 physicalDisplayWidth=1080 physicalDisplayHeight=2400 density={2.8125} cutoutSpec={M 0,0 M 0,12.08888888888889 a 9.244444444444444,9.244444444444444 0 1,0 0,18.48888888888889 a 9.244444444444444,9.244444444444444 0 1,0 0,-18.48888888888889 Z @dp} rotation={0} scale={1.0} physicalPixelDisplaySizeRatio={1.0}}}}, mRoundedCorners=RoundedCorners{[RoundedCorner{position=TopLeft, radius=0, center=Point(0, 0)}, RoundedCorner{position=TopRight, radius=0, center=Point(0, 0)}, RoundedCorner{position=BottomRight, radius=0, center=Point(0, 0)}, RoundedCorner{position=BottomLeft, radius=0, center=Point(0, 0)}]}  mRoundedCornerFrame=Rect(0, 0 - 1080, 2400), mPrivacyIndicatorBounds=PrivacyIndicatorBounds {static bounds=Rect(948, 0 - 1080, 86) rotation=0}, mDisplayShape=DisplayShape{ spec=-311912193 displayWidth=1080 displayHeight=2400 physicalPixelDisplaySizeRatio=1.0 rotation=0 offsetX=0 offsetY=0 scale=1.0}, mSources= { InsetsSource: {a5de0000 mType=statusBars mFrame=[0,0][1080,86] mVisible=true mFlags=[]}, InsetsSource: {a5de0005 mType=mandatorySystemGestures mFrame=[0,0][1080,122] mVisible=true mFlags=[]}, InsetsSource: {a5de0006 mType=tappableElement mFrame=[0,0][1080,86] mVisible=true mFlags=[]}, InsetsSource: {baf90001 mType=navigationBars mFrame=[0,2256][1080,2400] mVisible=true mFlags=[]}, InsetsSource: {baf90004 mType=systemGestures mFrame=[0,0][0,0] mVisible=true mFlags=[]}, InsetsSource: {baf90005 mType=mandatorySystemGestures mFrame=[0,2256][1080,2400] mVisible=true mFlags=[]}, InsetsSource: {baf90006 mType=tappableElement mFrame=[0,2256][1080,2400] mVisible=true mFlags=[]}, InsetsSource: {baf90024 mType=systemGestures mFrame=[0,0][0,0] mVisible=true mFlags=[]}, InsetsSource: {27 mType=displayCutout mFrame=[0,0][1080,86] mVisible=true mFlags=[]} }
04-04 00:27:22.212  5780  5780 I ViewRootImpl@6d81e6d[PopupWindow:514d497]: synced displayState. AttachInfo displayState=2
04-04 00:27:22.213  5780  5780 I ViewRootImpl@6d81e6d[PopupWindow:514d497]: setView = android.widget.PopupWindow$PopupDecorView@66eb684 TM=true
04-04 00:27:22.225  5780  6249 I ViewRootImpl@6d81e6d[PopupWindow:514d497]: Resizing android.view.ViewRootImpl@957bf8f: frame = [480,98][1068,530] reportDraw = true forceLayout = false syncSeqId = -1
04-04 00:27:22.230  5780  5780 I InsetsSourceConsumer: applyRequestedVisibilityToControl: visible=true, type=navigationBars, host=PopupWindow:514d497
04-04 00:27:22.230  5780  5780 I InsetsSourceConsumer: applyRequestedVisibilityToControl: visible=true, type=statusBars, host=PopupWindow:514d497
04-04 00:27:22.231  5780  5780 I BufferQueueProducer: [](id:169400000009,api:0,p:0,c:5780) setDequeueTimeout:2077252342
04-04 00:27:22.232  5780  5780 I BLASTBufferQueue_Java: new BLASTBufferQueue, mName= ViewRootImpl@6d81e6d[PopupWindow:514d497] mNativeObject= 0x7c9e0d4c30 sc.mNativeObject= 0x7c5e069350 caller= android.view.ViewRootImpl.updateBlastSurfaceIfNeeded:3028 android.view.ViewRootImpl.relayoutWindow:10131 android.view.ViewRootImpl.performTraversals:4110 android.view.ViewRootImpl.doTraversal:3288 android.view.ViewRootImpl$TraversalRunnable.run:11344 android.view.Choreographer$CallbackRecord.run:1689 android.view.Choreographer$CallbackRecord.run:1698 android.view.Choreographer.doCallbacks:1153 android.view.Choreographer.doFrame:1079 android.view.Choreographer$FrameDisplayEventReceiver.run:1646 
04-04 00:27:22.232  5780  5780 I BLASTBufferQueue_Java: update, w= 780 h= 624 mName = ViewRootImpl@6d81e6d[PopupWindow:514d497] mNativeObject= 0x7c9e0d4c30 sc.mNativeObject= 0x7c5e069350 format= -3 caller= android.graphics.BLASTBufferQueue.<init>:89 android.view.ViewRootImpl.updateBlastSurfaceIfNeeded:3028 android.view.ViewRootImpl.relayoutWindow:10131 android.view.ViewRootImpl.performTraversals:4110 android.view.ViewRootImpl.doTraversal:3288 android.view.ViewRootImpl$TraversalRunnable.run:11344 
04-04 00:27:22.232  5780  5780 I ViewRootImpl@6d81e6d[PopupWindow:514d497]: Relayout returned: old=(480,98,1068,98) new=(480,98,1068,530) relayoutAsync=false req=(588,432)0 dur=12 res=0x403 s={true 0x7c4e1020f0} ch=true seqId=0
04-04 00:27:22.233  5780  5780 I ViewRootImpl@6d81e6d[PopupWindow:514d497]: performConfigurationChange setNightDimText nightDimLevel=0
04-04 00:27:22.233  5780  5780 D ViewRootImpl@6d81e6d[PopupWindow:514d497]: mThreadedRenderer.initialize() mSurface={isValid=true 0x7c4e1020f0} hwInitialized=true
04-04 00:27:22.244  5780  5780 D AbsListView:  in onLayout changed 
04-04 00:27:22.246  5780  5780 D ViewRootImpl@6d81e6d[PopupWindow:514d497]: reportNextDraw android.view.ViewRootImpl.performTraversals:4718 android.view.ViewRootImpl.doTraversal:3288 android.view.ViewRootImpl$TraversalRunnable.run:11344 android.view.Choreographer$CallbackRecord.run:1689 android.view.Choreographer$CallbackRecord.run:1698 
04-04 00:27:22.246  5780  5780 D AnimatorSet: mReversing is false. Don't call initChildren.
04-04 00:27:22.247  5780  5780 I ViewRootImpl@6d81e6d[PopupWindow:514d497]: Setup new sync=wmsSync-ViewRootImpl@6d81e6d[PopupWindow:514d497]#28
04-04 00:27:22.247  5780  5780 I ViewRootImpl@6d81e6d[PopupWindow:514d497]: Creating new active sync group ViewRootImpl@6d81e6d[PopupWindow:514d497]#29
04-04 00:27:22.247  5780  5780 I ViewRootImpl@6d81e6d[PopupWindow:514d497]: registerCallbacksForSync syncBuffer=false
04-04 00:27:22.250  5780  6234 I ViewRootImpl@6d81e6d[PopupWindow:514d497]: Received frameDrawingCallback syncResult=0 frameNum=1.
04-04 00:27:22.250  5780  6234 I ViewRootImpl@6d81e6d[PopupWindow:514d497]: mWNT: t=0x7bee0721b0 mBlastBufferQueue=0x7c9e0d4c30 fn= 1 mRenderHdrSdrRatio=1.0 caller= android.view.ViewRootImpl$8.onFrameDraw:13841 android.view.ThreadedRenderer$1.onFrameDraw:792 <bottom of call stack> 
04-04 00:27:22.250  5780  6234 I ViewRootImpl@6d81e6d[PopupWindow:514d497]: Setting up sync and frameCommitCallback
04-04 00:27:22.252  5780  6217 I BLASTBufferQueue: [ViewRootImpl@6d81e6d[PopupWindow:514d497]#9](f:0,a:0,s:0) onFrameAvailable the first frame is available
04-04 00:27:22.252  5780  6217 I ViewRootImpl@6d81e6d[PopupWindow:514d497]: Received frameCommittedCallback lastAttemptedDrawFrameNum=1 didProduceBuffer=true
04-04 00:27:22.253  5780  6217 D OpenGLRenderer: CFMS:: SetUp Pid : 5780    Tid : 6217
04-04 00:27:22.253  5780  5780 I ViewRootImpl@6d81e6d[PopupWindow:514d497]: reportDrawFinished seqId=0
04-04 00:27:22.253  5780  6217 D OpenGLRenderer: HWUI - treat SMPTE_170M as sRGB
04-04 00:27:22.255  5780  5780 I ViewRootImpl@6d81e6d[PopupWindow:514d497]: handleResized, msg = 5 frames=ClientWindowFrames{frame=[480,98][1068,530] display=[-100000,-100000][100000,100000] parentFrame=[0,0][0,0] attachedFrame=[0,0][1080,2400]} forceNextWindowRelayout=false displayId=0 dragResizing=false compatScale=1.0 frameChanged=false attachedFrameChanged=false configChanged=false displayChanged=false compatScaleChanged=false
04-04 00:27:22.255  5780  5780 I ViewRootImpl@6d81e6d[PopupWindow:514d497]: handleResized mSyncSeqId = 0
04-04 00:27:22.255  5780  5780 D ViewRootImpl@6d81e6d[PopupWindow:514d497]: reportNextDraw android.view.ViewRootImpl.handleResized:2530 android.view.ViewRootImpl.-$$Nest$mhandleResized:0 android.view.ViewRootImpl$ViewRootHandler.handleMessageImpl:7197 android.view.ViewRootImpl$ViewRootHandler.handleMessage:7166 android.os.Handler.dispatchMessage:106 
04-04 00:27:22.255  5780  5780 I ViewRootImpl@ea1eae[ReportActivity]: handleWindowFocusChanged: 0 0 call from android.view.ViewRootImpl.-$$Nest$mhandleWindowFocusChanged:0
04-04 00:27:22.256  5780  5780 I ImeFocusController: onPreWindowFocus: skipped, hasWindowFocus=false mHasImeFocus=true
04-04 00:27:22.256  5780  5780 I ImeFocusController: onPostWindowFocus: skipped, hasWindowFocus=false mHasImeFocus=true
04-04 00:27:22.257  5780  5780 I ViewRootImpl@6d81e6d[PopupWindow:514d497]: Setup new sync=wmsSync-ViewRootImpl@6d81e6d[PopupWindow:514d497]#30
04-04 00:27:22.257  5780  5780 I ViewRootImpl@6d81e6d[PopupWindow:514d497]: Creating new active sync group ViewRootImpl@6d81e6d[PopupWindow:514d497]#31
04-04 00:27:22.258  5780  5780 I ViewRootImpl@6d81e6d[PopupWindow:514d497]: registerCallbacksForSync syncBuffer=false
04-04 00:27:22.259  5780  6235 I ViewRootImpl@6d81e6d[PopupWindow:514d497]: Received frameDrawingCallback syncResult=0 frameNum=2.
04-04 00:27:22.259  5780  6235 I ViewRootImpl@6d81e6d[PopupWindow:514d497]: mWNT: t=0x7bee0734f0 mBlastBufferQueue=0x7c9e0d4c30 fn= 2 mRenderHdrSdrRatio=1.0 caller= android.view.ViewRootImpl$8.onFrameDraw:13841 android.view.ThreadedRenderer$1.onFrameDraw:792 <bottom of call stack> 
04-04 00:27:22.259  5780  6235 I ViewRootImpl@6d81e6d[PopupWindow:514d497]: Setting up sync and frameCommitCallback
04-04 00:27:22.261  5780  6217 I ViewRootImpl@6d81e6d[PopupWindow:514d497]: Received frameCommittedCallback lastAttemptedDrawFrameNum=2 didProduceBuffer=true
04-04 00:27:22.263  5780  5780 I ViewRootImpl@6d81e6d[PopupWindow:514d497]: reportDrawFinished seqId=0
04-04 00:27:22.267  5780  5780 I ViewRootImpl@6d81e6d[PopupWindow:514d497]: handleWindowFocusChanged: 1 0 call from android.view.ViewRootImpl.-$$Nest$mhandleWindowFocusChanged:0
04-04 00:27:22.267  5780  5780 D ViewRootImpl@6d81e6d[PopupWindow:514d497]: mThreadedRenderer.initializeIfNeeded()#2 mSurface={isValid=true 0x7c4e1020f0}
04-04 00:27:22.267  5780  5780 I ImeFocusController: onPreWindowFocus: skipped, hasWindowFocus=true mHasImeFocus=false
04-04 00:27:22.267  5780  5780 I ImeFocusController: onPostWindowFocus: skipped, hasWindowFocus=true mHasImeFocus=false
